Archive member included to satisfy reference by file (symbol)

C:/ST/STM32CubeIDE_1.13.0/STM32CubeIDE/plugins/com.st.stm32cube.ide.mcu.externaltools.gnu-tools-for-stm32.11.3.rel1.win32_1.1.0.202305231506/tools/bin/../lib/gcc/arm-none-eabi/11.3.1/../../../../arm-none-eabi/lib/thumb/v7-m/nofp\libc_nano.a(libc_a-exit.o)
                              C:/ST/STM32CubeIDE_1.13.0/STM32CubeIDE/plugins/com.st.stm32cube.ide.mcu.externaltools.gnu-tools-for-stm32.11.3.rel1.win32_1.1.0.202305231506/tools/bin/../lib/gcc/arm-none-eabi/11.3.1/../../../../arm-none-eabi/lib/thumb/v7-m/nofp/crt0.o (exit)
C:/ST/STM32CubeIDE_1.13.0/STM32CubeIDE/plugins/com.st.stm32cube.ide.mcu.externaltools.gnu-tools-for-stm32.11.3.rel1.win32_1.1.0.202305231506/tools/bin/../lib/gcc/arm-none-eabi/11.3.1/../../../../arm-none-eabi/lib/thumb/v7-m/nofp\libc_nano.a(libc_a-malloc.o)
                              ./Core/User/st7735/st7735.o (malloc)
C:/ST/STM32CubeIDE_1.13.0/STM32CubeIDE/plugins/com.st.stm32cube.ide.mcu.externaltools.gnu-tools-for-stm32.11.3.rel1.win32_1.1.0.202305231506/tools/bin/../lib/gcc/arm-none-eabi/11.3.1/../../../../arm-none-eabi/lib/thumb/v7-m/nofp\libc_nano.a(libc_a-mallocr.o)
                              C:/ST/STM32CubeIDE_1.13.0/STM32CubeIDE/plugins/com.st.stm32cube.ide.mcu.externaltools.gnu-tools-for-stm32.11.3.rel1.win32_1.1.0.202305231506/tools/bin/../lib/gcc/arm-none-eabi/11.3.1/../../../../arm-none-eabi/lib/thumb/v7-m/nofp\libc_nano.a(libc_a-malloc.o) (_malloc_r)
C:/ST/STM32CubeIDE_1.13.0/STM32CubeIDE/plugins/com.st.stm32cube.ide.mcu.externaltools.gnu-tools-for-stm32.11.3.rel1.win32_1.1.0.202305231506/tools/bin/../lib/gcc/arm-none-eabi/11.3.1/../../../../arm-none-eabi/lib/thumb/v7-m/nofp\libc_nano.a(libc_a-mlock.o)
                              C:/ST/STM32CubeIDE_1.13.0/STM32CubeIDE/plugins/com.st.stm32cube.ide.mcu.externaltools.gnu-tools-for-stm32.11.3.rel1.win32_1.1.0.202305231506/tools/bin/../lib/gcc/arm-none-eabi/11.3.1/../../../../arm-none-eabi/lib/thumb/v7-m/nofp\libc_nano.a(libc_a-mallocr.o) (__malloc_lock)
C:/ST/STM32CubeIDE_1.13.0/STM32CubeIDE/plugins/com.st.stm32cube.ide.mcu.externaltools.gnu-tools-for-stm32.11.3.rel1.win32_1.1.0.202305231506/tools/bin/../lib/gcc/arm-none-eabi/11.3.1/../../../../arm-none-eabi/lib/thumb/v7-m/nofp\libc_nano.a(libc_a-nano-vfprintf_float.o)
                              (_printf_float)
C:/ST/STM32CubeIDE_1.13.0/STM32CubeIDE/plugins/com.st.stm32cube.ide.mcu.externaltools.gnu-tools-for-stm32.11.3.rel1.win32_1.1.0.202305231506/tools/bin/../lib/gcc/arm-none-eabi/11.3.1/../../../../arm-none-eabi/lib/thumb/v7-m/nofp\libc_nano.a(libc_a-nano-vfprintf_i.o)
                              C:/ST/STM32CubeIDE_1.13.0/STM32CubeIDE/plugins/com.st.stm32cube.ide.mcu.externaltools.gnu-tools-for-stm32.11.3.rel1.win32_1.1.0.202305231506/tools/bin/../lib/gcc/arm-none-eabi/11.3.1/../../../../arm-none-eabi/lib/thumb/v7-m/nofp\libc_nano.a(libc_a-nano-vfprintf_float.o) (_printf_common)
C:/ST/STM32CubeIDE_1.13.0/STM32CubeIDE/plugins/com.st.stm32cube.ide.mcu.externaltools.gnu-tools-for-stm32.11.3.rel1.win32_1.1.0.202305231506/tools/bin/../lib/gcc/arm-none-eabi/11.3.1/../../../../arm-none-eabi/lib/thumb/v7-m/nofp\libc_nano.a(libc_a-findfp.o)
                              C:/ST/STM32CubeIDE_1.13.0/STM32CubeIDE/plugins/com.st.stm32cube.ide.mcu.externaltools.gnu-tools-for-stm32.11.3.rel1.win32_1.1.0.202305231506/tools/bin/../lib/gcc/arm-none-eabi/11.3.1/../../../../arm-none-eabi/lib/thumb/v7-m/nofp\libc_nano.a(libc_a-exit.o) (__stdio_exit_handler)
C:/ST/STM32CubeIDE_1.13.0/STM32CubeIDE/plugins/com.st.stm32cube.ide.mcu.externaltools.gnu-tools-for-stm32.11.3.rel1.win32_1.1.0.202305231506/tools/bin/../lib/gcc/arm-none-eabi/11.3.1/../../../../arm-none-eabi/lib/thumb/v7-m/nofp\libc_nano.a(libc_a-fwalk.o)
                              C:/ST/STM32CubeIDE_1.13.0/STM32CubeIDE/plugins/com.st.stm32cube.ide.mcu.externaltools.gnu-tools-for-stm32.11.3.rel1.win32_1.1.0.202305231506/tools/bin/../lib/gcc/arm-none-eabi/11.3.1/../../../../arm-none-eabi/lib/thumb/v7-m/nofp\libc_nano.a(libc_a-findfp.o) (_fwalk_sglue)
C:/ST/STM32CubeIDE_1.13.0/STM32CubeIDE/plugins/com.st.stm32cube.ide.mcu.externaltools.gnu-tools-for-stm32.11.3.rel1.win32_1.1.0.202305231506/tools/bin/../lib/gcc/arm-none-eabi/11.3.1/../../../../arm-none-eabi/lib/thumb/v7-m/nofp\libc_nano.a(libc_a-sprintf.o)
                              ./Core/User/Views/page_settings.o (sprintf)
C:/ST/STM32CubeIDE_1.13.0/STM32CubeIDE/plugins/com.st.stm32cube.ide.mcu.externaltools.gnu-tools-for-stm32.11.3.rel1.win32_1.1.0.202305231506/tools/bin/../lib/gcc/arm-none-eabi/11.3.1/../../../../arm-none-eabi/lib/thumb/v7-m/nofp\libc_nano.a(libc_a-stdio.o)
                              C:/ST/STM32CubeIDE_1.13.0/STM32CubeIDE/plugins/com.st.stm32cube.ide.mcu.externaltools.gnu-tools-for-stm32.11.3.rel1.win32_1.1.0.202305231506/tools/bin/../lib/gcc/arm-none-eabi/11.3.1/../../../../arm-none-eabi/lib/thumb/v7-m/nofp\libc_nano.a(libc_a-findfp.o) (__sread)
[...]
Memory Configuration

Name             Origin             Length             Attributes
RAM              0x0000000020000000 0x0000000000005000 xrw
FLASH            0x0000000008000000 0x0000000000010000 xr
*default*        0x0000000000000000 0xffffffffffffffff

Linker script and memory map

LOAD C:/ST/STM32CubeIDE_1.13.0/STM32CubeIDE/plugins/com.st.stm32cube.ide.mcu.externaltools.gnu-tools-for-stm32.11.3.rel1.win32_1.1.0.202305231506/tools/bin/../lib/gcc/arm-none-eabi/11.3.1/thumb/v7-m/nofp/crti.o
LOAD C:/ST/STM32CubeIDE_1.13.0/STM32CubeIDE/plugins/com.st.stm32cube.ide.mcu.externaltools.gnu-tools-for-stm32.11.3.rel1.win32_1.1.0.202305231506/tools/bin/../lib/gcc/arm-none-eabi/11.3.1/thumb/v7-m/nofp/crtbegin.o
LOAD C:/ST/STM32CubeIDE_1.13.0/STM32CubeIDE/plugins/com.st.stm32cube.ide.mcu.externaltools.gnu-tools-for-stm32.11.3.rel1.win32_1.1.0.202305231506/tools/bin/../lib/gcc/arm-none-eabi/11.3.1/../../../../arm-none-eabi/lib/thumb/v7-m/nofp/crt0.o
LOAD ./Core/Src/gpio.o
LOAD ./Core/Src/main.o
LOAD ./Core/Src/spi.o
LOAD ./Core/Src/stm32f1xx_hal_msp.o
LOAD ./Core/Src/stm32f1xx_it.o
LOAD ./Core/Src/syscalls.o
LOAD ./Core/Src/sysmem.o
LOAD ./Core/Src/system_stm32f1xx.o
LOAD ./Core/Startup/startup_stm32f103c8tx.o
LOAD ./Core/User/Encoder/encoder.o
LOAD ./Core/User/MAX6675/MAX6675.o
LOAD ./Core/User/Views/page_about.o
LOAD ./Core/User/Views/page_menu.o
LOAD ./Core/User/Views/page_reflow.o
LOAD ./Core/User/Views/page_settings.o
LOAD ./Core/User/controller.o
LOAD ./Core/User/display.o
LOAD ./Core/User/model.o
LOAD ./Core/User/util.o
LOAD ./Core/User/view.o
LOAD ./Core/User/st7735/fonts.o
LOAD ./Core/User/st7735/st7735.o
LOAD ./Drivers/STM32F1xx_HAL_Driver/Src/stm32f1xx_hal.o
LOAD ./Drivers/STM32F1xx_HAL_Driver/Src/stm32f1xx_hal_cortex.o
LOAD ./Drivers/STM32F1xx_HAL_Driver/Src/stm32f1xx_hal_dma.o
LOAD ./Drivers/STM32F1xx_HAL_Driver/Src/stm32f1xx_hal_exti.o
LOAD ./Drivers/STM32F1xx_HAL_Driver/Src/stm32f1xx_hal_flash.o
LOAD ./Drivers/STM32F1xx_HAL_Driver/Src/stm32f1xx_hal_flash_ex.o
LOAD ./Drivers/STM32F1xx_HAL_Driver/Src/stm32f1xx_hal_gpio.o
LOAD ./Drivers/STM32F1xx_HAL_Driver/Src/stm32f1xx_hal_gpio_ex.o
LOAD ./Drivers/STM32F1xx_HAL_Driver/Src/stm32f1xx_hal_pcd.o
LOAD ./Drivers/STM32F1xx_HAL_Driver/Src/stm32f1xx_hal_pcd_ex.o
LOAD ./Drivers/STM32F1xx_HAL_Driver/Src/stm32f1xx_hal_pwr.o
LOAD ./Drivers/STM32F1xx_HAL_Driver/Src/stm32f1xx_hal_rcc.o
LOAD ./Drivers/STM32F1xx_HAL_Driver/Src/stm32f1xx_hal_rcc_ex.o
LOAD ./Drivers/STM32F1xx_HAL_Driver/Src/stm32f1xx_hal_spi.o
LOAD ./Drivers/STM32F1xx_HAL_Driver/Src/stm32f1xx_hal_tim.o
LOAD ./Drivers/STM32F1xx_HAL_Driver/Src/stm32f1xx_hal_tim_ex.o
LOAD ./Drivers/STM32F1xx_HAL_Driver/Src/stm32f1xx_ll_usb.o
LOAD ./Middlewares/ST/STM32_USB_Device_Library/Class/CDC/Src/usbd_cdc.o
LOAD ./Middlewares/ST/STM32_USB_Device_Library/Core/Src/usbd_core.o
LOAD ./Middlewares/ST/STM32_USB_Device_Library/Core/Src/usbd_ctlreq.o
LOAD ./Middlewares/ST/STM32_USB_Device_Library/Core/Src/usbd_ioreq.o
LOAD ./USB_DEVICE/App/usb_device.o
LOAD ./USB_DEVICE/App/usbd_cdc_if.o
LOAD ./USB_DEVICE/App/usbd_desc.o
LOAD ./USB_DEVICE/Target/usbd_conf.o
START GROUP
LOAD C:/ST/STM32CubeIDE_1.13.0/STM32CubeIDE/plugins/com.st.stm32cube.ide.mcu.externaltools.gnu-tools-for-stm32.11.3.rel1.win32_1.1.0.202305231506/tools/bin/../lib/gcc/arm-none-eabi/11.3.1/../../../../arm-none-eabi/lib/thumb/v7-m/nofp\libc_nano.a
LOAD C:/ST/STM32CubeIDE_1.13.0/STM32CubeIDE/plugins/com.st.stm32cube.ide.mcu.externaltools.gnu-tools-for-stm32.11.3.rel1.win32_1.1.0.202305231506/tools/bin/../lib/gcc/arm-none-eabi/11.3.1/../../../../arm-none-eabi/lib/thumb/v7-m/nofp\libm.a
END GROUP
START GROUP
LOAD C:/ST/STM32CubeIDE_1.13.0/STM32CubeIDE/plugins/com.st.stm32cube.ide.mcu.externaltools.gnu-tools-for-stm32.11.3.rel1.win32_1.1.0.202305231506/tools/bin/../lib/gcc/arm-none-eabi/11.3.1/thumb/v7-m/nofp\libgcc.a
LOAD C:/ST/STM32CubeIDE_1.13.0/STM32CubeIDE/plugins/com.st.stm32cube.ide.mcu.externaltools.gnu-tools-for-stm32.11.3.rel1.win32_1.1.0.202305231506/tools/bin/../lib/gcc/arm-none-eabi/11.3.1/../../../../arm-none-eabi/lib/thumb/v7-m/nofp\libc_nano.a
END GROUP
START GROUP
LOAD C:/ST/STM32CubeIDE_1.13.0/STM32CubeIDE/plugins/com.st.stm32cube.ide.mcu.externaltools.gnu-tools-for-stm32.11.3.rel1.win32_1.1.0.202305231506/tools/bin/../lib/gcc/arm-none-eabi/11.3.1/thumb/v7-m/nofp\libgcc.a
LOAD C:/ST/STM32CubeIDE_1.13.0/STM32CubeIDE/plugins/com.st.stm32cube.ide.mcu.externaltools.gnu-tools-for-stm32.11.3.rel1.win32_1.1.0.202305231506/tools/bin/../lib/gcc/arm-none-eabi/11.3.1/../../../../arm-none-eabi/lib/thumb/v7-m/nofp\libc_nano.a
LOAD C:/ST/STM32CubeIDE_1.13.0/STM32CubeIDE/plugins/com.st.stm32cube.ide.mcu.externaltools.gnu-tools-for-stm32.11.3.rel1.win32_1.1.0.202305231506/tools/bin/../lib/gcc/arm-none-eabi/11.3.1/../../../../arm-none-eabi/lib/thumb/v7-m/nofp\libnosys.a
END GROUP
START GROUP
LOAD C:/ST/STM32CubeIDE_1.13.0/STM32CubeIDE/plugins/com.st.stm32cube.ide.mcu.externaltools.gnu-tools-for-stm32.11.3.rel1.win32_1.1.0.202305231506/tools/bin/../lib/gcc/arm-none-eabi/11.3.1/thumb/v7-m/nofp\libgcc.a
LOAD C:/ST/STM32CubeIDE_1.13.0/STM32CubeIDE/plugins/com.st.stm32cube.ide.mcu.externaltools.gnu-tools-for-stm32.11.3.rel1.win32_1.1.0.202305231506/tools/bin/../lib/gcc/arm-none-eabi/11.3.1/../../../../arm-none-eabi/lib/thumb/v7-m/nofp\libc_nano.a
LOAD C:/ST/STM32CubeIDE_1.13.0/STM32CubeIDE/plugins/com.st.stm32cube.ide.mcu.externaltools.gnu-tools-for-stm32.11.3.rel1.win32_1.1.0.202305231506/tools/bin/../lib/gcc/arm-none-eabi/11.3.1/../../../../arm-none-eabi/lib/thumb/v7-m/nofp\libnosys.a
END GROUP
LOAD C:/ST/STM32CubeIDE_1.13.0/STM32CubeIDE/plugins/com.st.stm32cube.ide.mcu.externaltools.gnu-tools-for-stm32.11.3.rel1.win32_1.1.0.202305231506/tools/bin/../lib/gcc/arm-none-eabi/11.3.1/thumb/v7-m/nofp/crtend.o
LOAD C:/ST/STM32CubeIDE_1.13.0/STM32CubeIDE/plugins/com.st.stm32cube.ide.mcu.externaltools.gnu-tools-for-stm32.11.3.rel1.win32_1.1.0.202305231506/tools/bin/../lib/gcc/arm-none-eabi/11.3.1/thumb/v7-m/nofp/crtn.o
                0x0000000020005000                _estack = (ORIGIN (RAM) + LENGTH (RAM))
                0x0000000000000200                _Min_Heap_Size = 0x200
                0x0000000000000400                _Min_Stack_Size = 0x400

.isr_vector     0x0000000008000000      0x10c
                0x0000000008000000                . = ALIGN (0x4)
 *(.isr_vector)
 .isr_vector    0x0000000008000000      0x10c ./Core/Startup/startup_stm32f103c8tx.o
                0x0000000008000000                g_pfnVectors
                0x000000000800010c                . = ALIGN (0x4)

.text           0x0000000008000110     0xc22c
                0x0000000008000110                . = ALIGN (0x4)
 *(.text)
 .text          0x0000000008000110       0x40 C:/ST/STM32CubeIDE_1.13.0/STM32CubeIDE/plugins/com.st.stm32cube.ide.mcu.externaltools.gnu-tools-for-stm32.11.3.rel1.win32_1.1.0.202305231506/tools/bin/../lib/gcc/arm-none-eabi/11.3.1/thumb/v7-m/nofp/crtbegin.o
 .text          0x0000000008000150       0x10 C:/ST/STM32CubeIDE_1.13.0/STM32CubeIDE/plugins/com.st.stm32cube.ide.mcu.externaltools.gnu-tools-for-stm32.11.3.rel1.win32_1.1.0.202305231506/tools/bin/../lib/gcc/arm-none-eabi/11.3.1/../../../../arm-none-eabi/lib/thumb/v7-m/nofp\libc_nano.a(libc_a-strlen.o)
                0x0000000008000150                strlen
 .text          0x0000000008000160      0x378 C:/ST/STM32CubeIDE_1.13.0/STM32CubeIDE/plugins/com.st.stm32cube.ide.mcu.externaltools.gnu-tools-for-stm32.11.3.rel1.win32_1.1.0.202305231506/tools/bin/../lib/gcc/arm-none-eabi/11.3.1/thumb/v7-m/nofp\libgcc.a(_arm_addsubdf3.o)
                0x0000000008000160                __aeabi_drsub
                0x0000000008000168                __aeabi_dsub
                0x0000000008000168                __subdf3
                0x000000000800016c                __aeabi_dadd
                0x000000000800016c                __adddf3
                0x00000000080003e4                __floatunsidf
                0x00000000080003e4                __aeabi_ui2d
                0x0000000008000404                __floatsidf
                0x0000000008000404                __aeabi_i2d
                0x0000000008000428                __aeabi_f2d
                0x0000000008000428                __extendsfdf2
                0x000000000800046c                __floatundidf
                0x000000000800046c                __aeabi_ul2d
                0x000000000800047c                __floatdidf
                0x000000000800047c                __aeabi_l2d
 .text          0x00000000080004d8      0x424 C:/ST/STM32CubeIDE_1.13.0/STM32CubeIDE/plugins/com.st.stm32cube.ide.mcu.externaltools.gnu-tools-for-stm32.11.3.rel1.win32_1.1.0.202305231506/tools/bin/../lib/gcc/arm-none-eabi/11.3.1/thumb/v7-m/nofp\libgcc.a(_arm_muldivdf3.o)
                0x00000000080004d8                __aeabi_dmul
                0x00000000080004d8                __muldf3
                0x000000000800072c                __divdf3
                0x000000000800072c                __aeabi_ddiv
 .text          0x00000000080008fc      0x110 C:/ST/STM32CubeIDE_1.13.0/STM32CubeIDE/plugins/com.st.stm32cube.ide.mcu.externaltools.gnu-tools-for-stm32.11.3.rel1.win32_1.1.0.202305231506/tools/bin/../lib/gcc/arm-none-eabi/11.3.1/thumb/v7-m/nofp\libgcc.a(_arm_cmpdf2.o)
                0x00000000080008fc                __gtdf2
                0x00000000080008fc                __gedf2
                0x0000000008000904                __ltdf2
                0x0000000008000904                __ledf2
                0x000000000800090c                __nedf2
                0x000000000800090c                __eqdf2
                0x000000000800090c                __cmpdf2
                0x0000000008000988                __aeabi_cdrcmple
                0x0000000008000998                __aeabi_cdcmpeq
                0x0000000008000998                __aeabi_cdcmple
                0x00000000080009a8                __aeabi_dcmpeq
                0x00000000080009bc                __aeabi_dcmplt
                0x00000000080009d0                __aeabi_dcmple
                0x00000000080009e4                __aeabi_dcmpge
                0x00000000080009f8                __aeabi_dcmpgt
 .text          0x0000000008000a0c       0x2c C:/ST/STM32CubeIDE_1.13.0/STM32CubeIDE/plugins/com.st.stm32cube.ide.mcu.externaltools.gnu-tools-for-stm32.11.3.rel1.win32_1.1.0.202305231506/tools/bin/../lib/gcc/arm-none-eabi/11.3.1/thumb/v7-m/nofp\libgcc.a(_arm_unorddf2.o)
                0x0000000008000a0c                __unorddf2
                0x0000000008000a0c                __aeabi_dcmpun
 .text          0x0000000008000a38       0x50 C:/ST/STM32CubeIDE_1.13.0/STM32CubeIDE/plugins/com.st.stm32cube.ide.mcu.externaltools.gnu-tools-for-stm32.11.3.rel1.win32_1.1.0.202305231506/tools/bin/../lib/gcc/arm-none-eabi/11.3.1/thumb/v7-m/nofp\libgcc.a(_arm_fixdfsi.o)
                0x0000000008000a38                __aeabi_d2iz
                0x0000000008000a38                __fixdfsi
 *(.text*)
 .text.MX_GPIO_Init
                0x0000000008000a88      0x17c ./Core/Src/gpio.o
                0x0000000008000a88                MX_GPIO_Init
 .text.main     0x0000000008000c04       0x3c ./Core/Src/main.o
                0x0000000008000c04                main
 .text.SystemClock_Config
                0x0000000008000c40       0xb6 ./Core/Src/main.o
                0x0000000008000c40                SystemClock_Config
 *fill*         0x0000000008000cf6        0x2 
 .text.HAL_GPIO_EXTI_Callback
                0x0000000008000cf8       0x20 ./Core/Src/main.o
                0x0000000008000cf8                HAL_GPIO_EXTI_Callback
 .text.Error_Handler
                0x0000000008000d18        0xa ./Core/Src/main.o
                0x0000000008000d18                Error_Handler
 *fill*         0x0000000008000d22        0x2 
 .text.MX_SPI1_Init
                0x0000000008000d24       0x6c ./Core/Src/spi.o
                0x0000000008000d24                MX_SPI1_Init
 .text.HAL_SPI_MspInit
                0x0000000008000d90       0x94 ./Core/Src/spi.o
                0x0000000008000d90                HAL_SPI_MspInit
 .text.HAL_MspInit
                0x0000000008000e24       0x64 ./Core/Src/stm32f1xx_hal_msp.o
                0x0000000008000e24                HAL_MspInit
 .text.NMI_Handler
                0x0000000008000e88        0x6 ./Core/Src/stm32f1xx_it.o
                0x0000000008000e88                NMI_Handler
 .text.HardFault_Handler
                0x0000000008000e8e        0x6 ./Core/Src/stm32f1xx_it.o
                0x0000000008000e8e                HardFault_Handler
 .text.MemManage_Handler
                0x0000000008000e94        0x6 ./Core/Src/stm32f1xx_it.o
                0x0000000008000e94                MemManage_Handler
 .text.BusFault_Handler
                0x0000000008000e9a        0x6 ./Core/Src/stm32f1xx_it.o
                0x0000000008000e9a                BusFault_Handler
 .text.UsageFault_Handler
                0x0000000008000ea0        0x6 ./Core/Src/stm32f1xx_it.o
                0x0000000008000ea0                UsageFault_Handler
 .text.SVC_Handler
                0x0000000008000ea6        0xc ./Core/Src/stm32f1xx_it.o
                0x0000000008000ea6                SVC_Handler
 .text.DebugMon_Handler
                0x0000000008000eb2        0xc ./Core/Src/stm32f1xx_it.o
                0x0000000008000eb2                DebugMon_Handler
 .text.PendSV_Handler
                0x0000000008000ebe        0xc ./Core/Src/stm32f1xx_it.o
                0x0000000008000ebe                PendSV_Handler
 .text.SysTick_Handler
                0x0000000008000eca        0xc ./Core/Src/stm32f1xx_it.o
                0x0000000008000eca                SysTick_Handler
 *fill*         0x0000000008000ed6        0x2 
 .text.USB_LP_CAN1_RX0_IRQHandler
                0x0000000008000ed8       0x14 ./Core/Src/stm32f1xx_it.o
                0x0000000008000ed8                USB_LP_CAN1_RX0_IRQHandler
 .text.EXTI9_5_IRQHandler
                0x0000000008000eec        0xe ./Core/Src/stm32f1xx_it.o
                0x0000000008000eec                EXTI9_5_IRQHandler
 .text._getpid  0x0000000008000efa        0xe ./Core/Src/syscalls.o
                0x0000000008000efa                _getpid
 .text._kill    0x0000000008000f08       0x20 ./Core/Src/syscalls.o
                0x0000000008000f08                _kill
 .text._exit    0x0000000008000f28       0x14 ./Core/Src/syscalls.o
                0x0000000008000f28                _exit
 .text._read    0x0000000008000f3c       0x3a ./Core/Src/syscalls.o
                0x0000000008000f3c                _read
 .text._write   0x0000000008000f76       0x38 ./Core/Src/syscalls.o
                0x0000000008000f76                _write
 .text._close   0x0000000008000fae       0x16 ./Core/Src/syscalls.o
                0x0000000008000fae                _close
 .text._fstat   0x0000000008000fc4       0x1e ./Core/Src/syscalls.o
                0x0000000008000fc4                _fstat
 .text._isatty  0x0000000008000fe2       0x14 ./Core/Src/syscalls.o
                0x0000000008000fe2                _isatty
 .text._lseek   0x0000000008000ff6       0x18 ./Core/Src/syscalls.o
                0x0000000008000ff6                _lseek
 *fill*         0x000000000800100e        0x2 
 .text._sbrk    0x0000000008001010       0x6c ./Core/Src/sysmem.o
                0x0000000008001010                _sbrk
 .text.SystemInit
                0x000000000800107c        0xc ./Core/Src/system_stm32f1xx.o
                0x000000000800107c                SystemInit
 .text.Reset_Handler
                0x0000000008001088       0x48 ./Core/Startup/startup_stm32f103c8tx.o
                0x0000000008001088                Reset_Handler
 .text.Default_Handler
                0x00000000080010d0        0x2 ./Core/Startup/startup_stm32f103c8tx.o
                0x00000000080010d0                RTC_Alarm_IRQHandler
                0x00000000080010d0                EXTI2_IRQHandler
                0x00000000080010d0                TIM1_CC_IRQHandler
                0x00000000080010d0                PVD_IRQHandler
                0x00000000080010d0                EXTI3_IRQHandler
                0x00000000080010d0                EXTI0_IRQHandler
                0x00000000080010d0                I2C2_EV_IRQHandler
                0x00000000080010d0                ADC1_2_IRQHandler
                0x00000000080010d0                SPI1_IRQHandler
                0x00000000080010d0                TAMPER_IRQHandler
                0x00000000080010d0                DMA1_Channel4_IRQHandler
                0x00000000080010d0                USART3_IRQHandler
                0x00000000080010d0                RTC_IRQHandler
                0x00000000080010d0                DMA1_Channel7_IRQHandler
                0x00000000080010d0                CAN1_RX1_IRQHandler
                0x00000000080010d0                TIM4_IRQHandler
                0x00000000080010d0                I2C1_EV_IRQHandler
                0x00000000080010d0                DMA1_Channel6_IRQHandler
                0x00000000080010d0                TIM3_IRQHandler
                0x00000000080010d0                RCC_IRQHandler
                0x00000000080010d0                TIM1_TRG_COM_IRQHandler
                0x00000000080010d0                DMA1_Channel1_IRQHandler
                0x00000000080010d0                Default_Handler
                0x00000000080010d0                EXTI15_10_IRQHandler
                0x00000000080010d0                SPI2_IRQHandler
                0x00000000080010d0                DMA1_Channel5_IRQHandler
                0x00000000080010d0                EXTI4_IRQHandler
                0x00000000080010d0                USB_HP_CAN1_TX_IRQHandler
                0x00000000080010d0                DMA1_Channel3_IRQHandler
                0x00000000080010d0                TIM1_UP_IRQHandler
                0x00000000080010d0                WWDG_IRQHandler
                0x00000000080010d0                TIM2_IRQHandler
                0x00000000080010d0                TIM1_BRK_IRQHandler
                0x00000000080010d0                EXTI1_IRQHandler
                0x00000000080010d0                USART2_IRQHandler
                0x00000000080010d0                I2C2_ER_IRQHandler
                0x00000000080010d0                DMA1_Channel2_IRQHandler
                0x00000000080010d0                CAN1_SCE_IRQHandler
                0x00000000080010d0                FLASH_IRQHandler
                0x00000000080010d0                USART1_IRQHandler
                0x00000000080010d0                I2C1_ER_IRQHandler
                0x00000000080010d0                USBWakeUp_IRQHandler
 .text.Encoder_Init
                0x00000000080010d2       0x2a ./Core/User/Encoder/encoder.o
                0x00000000080010d2                Encoder_Init
 .text.Encoder_Update
                0x00000000080010fc       0x9c ./Core/User/Encoder/encoder.o
                0x00000000080010fc                Encoder_Update
 .text.Encoder_Clear
                0x0000000008001198       0x18 ./Core/User/Encoder/encoder.o
                0x0000000008001198                Encoder_Clear
 .text.Encoder_SwitchISR
                0x00000000080011b0       0x32 ./Core/User/Encoder/encoder.o
                0x00000000080011b0                Encoder_SwitchISR
 *fill*         0x00000000080011e2        0x2 
 .text.About_onShow
                0x00000000080011e4       0x98 ./Core/User/Views/page_about.o
                0x00000000080011e4                About_onShow
 .text.About_onHide
                0x000000000800127c       0x12 ./Core/User/Views/page_about.o
                0x000000000800127c                About_onHide
 .text.About_onUpdate
                0x000000000800128e       0x12 ./Core/User/Views/page_about.o
                0x000000000800128e                About_onUpdate
 .text.About_onClick
                0x00000000080012a0       0x1c ./Core/User/Views/page_about.o
                0x00000000080012a0                About_onClick
 .text.About_onScroll
                0x00000000080012bc       0x14 ./Core/User/Views/page_about.o
                0x00000000080012bc                About_onScroll
 .text.Draw_MainMenu
                0x00000000080012d0       0x88 ./Core/User/Views/page_menu.o
                0x00000000080012d0                Draw_MainMenu
 .text.MainMenu_onShow
                0x0000000008001358       0x18 ./Core/User/Views/page_menu.o
                0x0000000008001358                MainMenu_onShow
 .text.MainMenu_onHide
                0x0000000008001370       0x12 ./Core/User/Views/page_menu.o
                0x0000000008001370                MainMenu_onHide
 .text.MainMenu_onUpdate
                0x0000000008001382       0x12 ./Core/User/Views/page_menu.o
                0x0000000008001382                MainMenu_onUpdate
 .text.MainMenu_onClick
                0x0000000008001394       0x58 ./Core/User/Views/page_menu.o
                0x0000000008001394                MainMenu_onClick
 .text.MainMenu_onScroll
                0x00000000080013ec       0x40 ./Core/User/Views/page_menu.o
                0x00000000080013ec                MainMenu_onScroll
 .text.Draw_PID_Gain
                0x000000000800142c       0x64 ./Core/User/Views/page_settings.o
                0x000000000800142c                Draw_PID_Gain
 .text.Draw_Settings
                0x0000000008001490       0xd8 ./Core/User/Views/page_settings.o
                0x0000000008001490                Draw_Settings
 .text.Settings_onShow
                0x0000000008001568       0x18 ./Core/User/Views/page_settings.o
                0x0000000008001568                Settings_onShow
 .text.Settings_onHide
                0x0000000008001580       0x12 ./Core/User/Views/page_settings.o
                0x0000000008001580                Settings_onHide
 .text.Settings_onUpdate
                0x0000000008001592       0x12 ./Core/User/Views/page_settings.o
                0x0000000008001592                Settings_onUpdate
 .text.Settings_onClick
                0x00000000080015a4       0x54 ./Core/User/Views/page_settings.o
                0x00000000080015a4                Settings_onClick
 .text.Settings_onScroll
                0x00000000080015f8       0x98 ./Core/User/Views/page_settings.o
                0x00000000080015f8                Settings_onScroll
 .text.Controller_Init
                0x0000000008001690       0x74 ./Core/User/controller.o
                0x0000000008001690                Controller_Init
 .text.Controller_Main
                0x0000000008001704       0x90 ./Core/User/controller.o
                0x0000000008001704                Controller_Main
 .text.Controller_ISRHandler
                0x0000000008001794       0x24 ./Core/User/controller.o
                0x0000000008001794                Controller_ISRHandler
 .text.Display_DrawFrame
                0x00000000080017b8       0x50 ./Core/User/display.o
                0x00000000080017b8                Display_DrawFrame
 .text.Display_Clear
                0x0000000008001808        0xe ./Core/User/display.o
                0x0000000008001808                Display_Clear
 .text.Display_ClearInner
                0x0000000008001816       0x1c ./Core/User/display.o
                0x0000000008001816                Display_ClearInner
 .text.Model_Init
                0x0000000008001832       0x30 ./Core/User/model.o
                0x0000000008001832                Model_Init
 .text.Model_Tick
                0x0000000008001862       0x22 ./Core/User/model.o
                0x0000000008001862                Model_Tick
 .text.Util_clamp_int
                0x0000000008001884       0x34 ./Core/User/util.o
                0x0000000008001884                Util_clamp_int
 .text.View_Init
                0x00000000080018b8       0x48 ./Core/User/view.o
                0x00000000080018b8                View_Init
 .text.View_ShowPage
                0x0000000008001900       0x22 ./Core/User/view.o
                0x0000000008001900                View_ShowPage
 .text.View_Update
                0x0000000008001922       0x1c ./Core/User/view.o
                0x0000000008001922                View_Update
 .text.View_onClick
                0x000000000800193e       0x1a ./Core/User/view.o
                0x000000000800193e                View_onClick
 .text.View_onScroll
                0x0000000008001958       0x1e ./Core/User/view.o
                0x0000000008001958                View_onScroll
 *fill*         0x0000000008001976        0x2 
 .text.ST7735_Select
                0x0000000008001978       0x18 ./Core/User/st7735/st7735.o
 .text.ST7735_Unselect
                0x0000000008001990       0x18 ./Core/User/st7735/st7735.o
                0x0000000008001990                ST7735_Unselect
 .text.ST7735_Reset
                0x00000000080019a8       0x28 ./Core/User/st7735/st7735.o
 .text.ST7735_WriteCommand
                0x00000000080019d0       0x34 ./Core/User/st7735/st7735.o
 .text.ST7735_WriteData
                0x0000000008001a04       0x34 ./Core/User/st7735/st7735.o
 .text.ST7735_ExecuteCommandList
                0x0000000008001a38       0x92 ./Core/User/st7735/st7735.o
 .text.ST7735_SetAddressWindow
                0x0000000008001aca       0x78 ./Core/User/st7735/st7735.o
 *fill*         0x0000000008001b42        0x2 
 .text.ST7735_Init
                0x0000000008001b44       0x34 ./Core/User/st7735/st7735.o
                0x0000000008001b44                ST7735_Init
 .text.ST7735_WriteChar
                0x0000000008001b78       0xee ./Core/User/st7735/st7735.o
 .text.ST7735_WriteString
                0x0000000008001c66       0x94 ./Core/User/st7735/st7735.o
                0x0000000008001c66                ST7735_WriteString
 *fill*         0x0000000008001cfa        0x2 
 .text.ST7735_FillRectangleFast
                0x0000000008001cfc      0x108 ./Core/User/st7735/st7735.o
                0x0000000008001cfc                ST7735_FillRectangleFast
 .text.ST7735_HLine
                0x0000000008001e04       0xcc ./Core/User/st7735/st7735.o
                0x0000000008001e04                ST7735_HLine
 .text.ST7735_VLine
                0x0000000008001ed0       0xcc ./Core/User/st7735/st7735.o
                0x0000000008001ed0                ST7735_VLine
 .text.ST7735_LineRect
                0x0000000008001f9c       0x56 ./Core/User/st7735/st7735.o
                0x0000000008001f9c                ST7735_LineRect
 .text.ST7735_FillScreenFast
                0x0000000008001ff2       0x22 ./Core/User/st7735/st7735.o
                0x0000000008001ff2                ST7735_FillScreenFast
 .text.HAL_Init
                0x0000000008002014       0x2c ./Drivers/STM32F1xx_HAL_Driver/Src/stm32f1xx_hal.o
                0x0000000008002014                HAL_Init
 .text.HAL_InitTick
                0x0000000008002040       0x60 ./Drivers/STM32F1xx_HAL_Driver/Src/stm32f1xx_hal.o
                0x0000000008002040                HAL_InitTick
 .text.HAL_IncTick
                0x00000000080020a0       0x24 ./Drivers/STM32F1xx_HAL_Driver/Src/stm32f1xx_hal.o
                0x00000000080020a0                HAL_IncTick
 .text.HAL_GetTick
                0x00000000080020c4       0x14 ./Drivers/STM32F1xx_HAL_Driver/Src/stm32f1xx_hal.o
                0x00000000080020c4                HAL_GetTick
 .text.HAL_Delay
                0x00000000080020d8       0x48 ./Drivers/STM32F1xx_HAL_Driver/Src/stm32f1xx_hal.o
                0x00000000080020d8                HAL_Delay
 .text.__NVIC_SetPriorityGrouping
                0x0000000008002120       0x48 ./Drivers/STM32F1xx_HAL_Driver/Src/stm32f1xx_hal_cortex.o
 .text.__NVIC_GetPriorityGrouping
                0x0000000008002168       0x1c ./Drivers/STM32F1xx_HAL_Driver/Src/stm32f1xx_hal_cortex.o
 .text.__NVIC_EnableIRQ
                0x0000000008002184       0x38 ./Drivers/STM32F1xx_HAL_Driver/Src/stm32f1xx_hal_cortex.o
 .text.__NVIC_SetPriority
                0x00000000080021bc       0x54 ./Drivers/STM32F1xx_HAL_Driver/Src/stm32f1xx_hal_cortex.o
 .text.NVIC_EncodePriority
                0x0000000008002210       0x64 ./Drivers/STM32F1xx_HAL_Driver/Src/stm32f1xx_hal_cortex.o
 .text.SysTick_Config
                0x0000000008002274       0x44 ./Drivers/STM32F1xx_HAL_Driver/Src/stm32f1xx_hal_cortex.o
 .text.HAL_NVIC_SetPriorityGrouping
                0x00000000080022b8       0x16 ./Drivers/STM32F1xx_HAL_Driver/Src/stm32f1xx_hal_cortex.o
                0x00000000080022b8                HAL_NVIC_SetPriorityGrouping
 .text.HAL_NVIC_SetPriority
                0x00000000080022ce       0x38 ./Drivers/STM32F1xx_HAL_Driver/Src/stm32f1xx_hal_cortex.o
                0x00000000080022ce                HAL_NVIC_SetPriority
 .text.HAL_NVIC_EnableIRQ
                0x0000000008002306       0x1c ./Drivers/STM32F1xx_HAL_Driver/Src/stm32f1xx_hal_cortex.o
                0x0000000008002306                HAL_NVIC_EnableIRQ
 .text.HAL_SYSTICK_Config
                0x0000000008002322       0x18 ./Drivers/STM32F1xx_HAL_Driver/Src/stm32f1xx_hal_cortex.o
                0x0000000008002322                HAL_SYSTICK_Config
 *fill*         0x000000000800233a        0x2 
 .text.HAL_GPIO_Init
                0x000000000800233c      0x308 ./Drivers/STM32F1xx_HAL_Driver/Src/stm32f1xx_hal_gpio.o
                0x000000000800233c                HAL_GPIO_Init
 .text.HAL_GPIO_ReadPin
                0x0000000008002644       0x2e ./Drivers/STM32F1xx_HAL_Driver/Src/stm32f1xx_hal_gpio.o
                0x0000000008002644                HAL_GPIO_ReadPin
 .text.HAL_GPIO_WritePin
                0x0000000008002672       0x30 ./Drivers/STM32F1xx_HAL_Driver/Src/stm32f1xx_hal_gpio.o
                0x0000000008002672                HAL_GPIO_WritePin
 *fill*         0x00000000080026a2        0x2 
 .text.HAL_GPIO_EXTI_IRQHandler
                0x00000000080026a4       0x30 ./Drivers/STM32F1xx_HAL_Driver/Src/stm32f1xx_hal_gpio.o
                0x00000000080026a4                HAL_GPIO_EXTI_IRQHandler
 .text.HAL_PCD_Init
                0x00000000080026d4      0x1fe ./Drivers/STM32F1xx_HAL_Driver/Src/stm32f1xx_hal_pcd.o
                0x00000000080026d4                HAL_PCD_Init
 .text.HAL_PCD_Start
                0x00000000080028d2       0x4c ./Drivers/STM32F1xx_HAL_Driver/Src/stm32f1xx_hal_pcd.o
                0x00000000080028d2                HAL_PCD_Start
 .text.HAL_PCD_IRQHandler
                0x000000000800291e      0x260 ./Drivers/STM32F1xx_HAL_Driver/Src/stm32f1xx_hal_pcd.o
                0x000000000800291e                HAL_PCD_IRQHandler
 .text.HAL_PCD_SetAddress
                0x0000000008002b7e       0x4a ./Drivers/STM32F1xx_HAL_Driver/Src/stm32f1xx_hal_pcd.o
                0x0000000008002b7e                HAL_PCD_SetAddress
 .text.HAL_PCD_EP_Open
                0x0000000008002bc8       0xba ./Drivers/STM32F1xx_HAL_Driver/Src/stm32f1xx_hal_pcd.o
                0x0000000008002bc8                HAL_PCD_EP_Open
 .text.HAL_PCD_EP_Close
                0x0000000008002c82       0x90 ./Drivers/STM32F1xx_HAL_Driver/Src/stm32f1xx_hal_pcd.o
                0x0000000008002c82                HAL_PCD_EP_Close
 .text.HAL_PCD_EP_Receive
                0x0000000008002d12       0x62 ./Drivers/STM32F1xx_HAL_Driver/Src/stm32f1xx_hal_pcd.o
                0x0000000008002d12                HAL_PCD_EP_Receive
 .text.HAL_PCD_EP_GetRxCount
                0x0000000008002d74       0x2e ./Drivers/STM32F1xx_HAL_Driver/Src/stm32f1xx_hal_pcd.o
                0x0000000008002d74                HAL_PCD_EP_GetRxCount
 .text.HAL_PCD_EP_Transmit
                0x0000000008002da2       0x6e ./Drivers/STM32F1xx_HAL_Driver/Src/stm32f1xx_hal_pcd.o
                0x0000000008002da2                HAL_PCD_EP_Transmit
 .text.HAL_PCD_EP_SetStall
                0x0000000008002e10       0xc0 ./Drivers/STM32F1xx_HAL_Driver/Src/stm32f1xx_hal_pcd.o
                0x0000000008002e10                HAL_PCD_EP_SetStall
 .text.HAL_PCD_EP_ClrStall
                0x0000000008002ed0       0xa8 ./Drivers/STM32F1xx_HAL_Driver/Src/stm32f1xx_hal_pcd.o
                0x0000000008002ed0                HAL_PCD_EP_ClrStall
 .text.PCD_EP_ISR_Handler
                0x0000000008002f78      0x7a6 ./Drivers/STM32F1xx_HAL_Driver/Src/stm32f1xx_hal_pcd.o
 .text.HAL_PCD_EP_DB_Receive
                0x000000000800371e      0x21a ./Drivers/STM32F1xx_HAL_Driver/Src/stm32f1xx_hal_pcd.o
 .text.HAL_PCD_EP_DB_Transmit
                0x0000000008003938      0x7f4 ./Drivers/STM32F1xx_HAL_Driver/Src/stm32f1xx_hal_pcd.o
 .text.HAL_PCDEx_PMAConfig
                0x000000000800412c       0x84 ./Drivers/STM32F1xx_HAL_Driver/Src/stm32f1xx_hal_pcd_ex.o
                0x000000000800412c                HAL_PCDEx_PMAConfig
 .text.HAL_RCC_OscConfig
                0x00000000080041b0      0x504 ./Drivers/STM32F1xx_HAL_Driver/Src/stm32f1xx_hal_rcc.o
                0x00000000080041b0                HAL_RCC_OscConfig
 .text.HAL_RCC_ClockConfig
                0x00000000080046b4      0x1d4 ./Drivers/STM32F1xx_HAL_Driver/Src/stm32f1xx_hal_rcc.o
                0x00000000080046b4                HAL_RCC_ClockConfig
 .text.HAL_RCC_GetSysClockFreq
                0x0000000008004888       0xac ./Drivers/STM32F1xx_HAL_Driver/Src/stm32f1xx_hal_rcc.o
                0x0000000008004888                HAL_RCC_GetSysClockFreq
 .text.RCC_Delay
                0x0000000008004934       0x3c ./Drivers/STM32F1xx_HAL_Driver/Src/stm32f1xx_hal_rcc.o
 .text.HAL_RCCEx_PeriphCLKConfig
                0x0000000008004970      0x16c ./Drivers/STM32F1xx_HAL_Driver/Src/stm32f1xx_hal_rcc_ex.o
                0x0000000008004970                HAL_RCCEx_PeriphCLKConfig
 .text.HAL_SPI_Init
                0x0000000008004adc      0x108 ./Drivers/STM32F1xx_HAL_Driver/Src/stm32f1xx_hal_spi.o
                0x0000000008004adc                HAL_SPI_Init
 .text.HAL_SPI_Transmit
                0x0000000008004be4      0x286 ./Drivers/STM32F1xx_HAL_Driver/Src/stm32f1xx_hal_spi.o
                0x0000000008004be4                HAL_SPI_Transmit
 *fill*         0x0000000008004e6a        0x2 
 .text.SPI_WaitFlagStateUntilTimeout
                0x0000000008004e6c      0x110 ./Drivers/STM32F1xx_HAL_Driver/Src/stm32f1xx_hal_spi.o
 .text.SPI_EndRxTxTransaction
                0x0000000008004f7c       0x3c ./Drivers/STM32F1xx_HAL_Driver/Src/stm32f1xx_hal_spi.o
 .text.USB_CoreInit
                0x0000000008004fb8       0x20 ./Drivers/STM32F1xx_HAL_Driver/Src/stm32f1xx_ll_usb.o
                0x0000000008004fb8                USB_CoreInit
 .text.USB_EnableGlobalInt
                0x0000000008004fd8       0x2c ./Drivers/STM32F1xx_HAL_Driver/Src/stm32f1xx_ll_usb.o
                0x0000000008004fd8                USB_EnableGlobalInt
 .text.USB_DisableGlobalInt
                0x0000000008005004       0x34 ./Drivers/STM32F1xx_HAL_Driver/Src/stm32f1xx_ll_usb.o
                0x0000000008005004                USB_DisableGlobalInt
 .text.USB_SetCurrentMode
                0x0000000008005038       0x18 ./Drivers/STM32F1xx_HAL_Driver/Src/stm32f1xx_ll_usb.o
                0x0000000008005038                USB_SetCurrentMode
 .text.USB_DevInit
                0x0000000008005050       0x40 ./Drivers/STM32F1xx_HAL_Driver/Src/stm32f1xx_ll_usb.o
                0x0000000008005050                USB_DevInit
 .text.USB_ActivateEndpoint
                0x0000000008005090      0x780 ./Drivers/STM32F1xx_HAL_Driver/Src/stm32f1xx_ll_usb.o
                0x0000000008005090                USB_ActivateEndpoint
 .text.USB_DeactivateEndpoint
                0x0000000008005810      0x3d8 ./Drivers/STM32F1xx_HAL_Driver/Src/stm32f1xx_ll_usb.o
                0x0000000008005810                USB_DeactivateEndpoint
 .text.USB_EPStartXfer
                0x0000000008005be8     0x1762 ./Drivers/STM32F1xx_HAL_Driver/Src/stm32f1xx_ll_usb.o
                0x0000000008005be8                USB_EPStartXfer
 .text.USB_EPSetStall
                0x000000000800734a       0xa0 ./Drivers/STM32F1xx_HAL_Driver/Src/stm32f1xx_ll_usb.o
                0x000000000800734a                USB_EPSetStall
 .text.USB_EPClearStall
                0x00000000080073ea      0x15a ./Drivers/STM32F1xx_HAL_Driver/Src/stm32f1xx_ll_usb.o
                0x00000000080073ea                USB_EPClearStall
 .text.USB_SetDevAddress
                0x0000000008007544       0x26 ./Drivers/STM32F1xx_HAL_Driver/Src/stm32f1xx_ll_usb.o
                0x0000000008007544                USB_SetDevAddress
 .text.USB_DevConnect
                0x000000000800756a       0x14 ./Drivers/STM32F1xx_HAL_Driver/Src/stm32f1xx_ll_usb.o
                0x000000000800756a                USB_DevConnect
 .text.USB_DevDisconnect
                0x000000000800757e       0x14 ./Drivers/STM32F1xx_HAL_Driver/Src/stm32f1xx_ll_usb.o
                0x000000000800757e                USB_DevDisconnect
 .text.USB_ReadInterrupts
                0x0000000008007592       0x1e ./Drivers/STM32F1xx_HAL_Driver/Src/stm32f1xx_ll_usb.o
                0x0000000008007592                USB_ReadInterrupts
 .text.USB_EP0_OutStart
                0x00000000080075b0       0x16 ./Drivers/STM32F1xx_HAL_Driver/Src/stm32f1xx_ll_usb.o
                0x00000000080075b0                USB_EP0_OutStart
 .text.USB_WritePMA
                0x00000000080075c6       0x8a ./Drivers/STM32F1xx_HAL_Driver/Src/stm32f1xx_ll_usb.o
                0x00000000080075c6                USB_WritePMA
 .text.USB_ReadPMA
                0x0000000008007650       0x9e ./Drivers/STM32F1xx_HAL_Driver/Src/stm32f1xx_ll_usb.o
                0x0000000008007650                USB_ReadPMA
 .text.USBD_CDC_Init
                0x00000000080076ee       0xf4 ./Middlewares/ST/STM32_USB_Device_Library/Class/CDC/Src/usbd_cdc.o
 .text.USBD_CDC_DeInit
                0x00000000080077e2       0x6e ./Middlewares/ST/STM32_USB_Device_Library/Class/CDC/Src/usbd_cdc.o
 .text.USBD_CDC_Setup
                0x0000000008007850      0x146 ./Middlewares/ST/STM32_USB_Device_Library/Class/CDC/Src/usbd_cdc.o
 .text.USBD_CDC_DataIn
                0x0000000008007996       0xa6 ./Middlewares/ST/STM32_USB_Device_Library/Class/CDC/Src/usbd_cdc.o
 .text.USBD_CDC_DataOut
                0x0000000008007a3c       0x56 ./Middlewares/ST/STM32_USB_Device_Library/Class/CDC/Src/usbd_cdc.o
 .text.USBD_CDC_EP0_RxReady
                0x0000000008007a92       0x50 ./Middlewares/ST/STM32_USB_Device_Library/Class/CDC/Src/usbd_cdc.o
 *fill*         0x0000000008007ae2        0x2 
 .text.USBD_CDC_GetFSCfgDesc
                0x0000000008007ae4       0x20 ./Middlewares/ST/STM32_USB_Device_Library/Class/CDC/Src/usbd_cdc.o
 .text.USBD_CDC_GetHSCfgDesc
                0x0000000008007b04       0x20 ./Middlewares/ST/STM32_USB_Device_Library/Class/CDC/Src/usbd_cdc.o
 .text.USBD_CDC_GetOtherSpeedCfgDesc
                0x0000000008007b24       0x20 ./Middlewares/ST/STM32_USB_Device_Library/Class/CDC/Src/usbd_cdc.o
 .text.USBD_CDC_GetDeviceQualifierDescriptor
                0x0000000008007b44       0x20 ./Middlewares/ST/STM32_USB_Device_Library/Class/CDC/Src/usbd_cdc.o
                0x0000000008007b44                USBD_CDC_GetDeviceQualifierDescriptor
 .text.USBD_CDC_RegisterInterface
                0x0000000008007b64       0x2c ./Middlewares/ST/STM32_USB_Device_Library/Class/CDC/Src/usbd_cdc.o
                0x0000000008007b64                USBD_CDC_RegisterInterface
 .text.USBD_CDC_SetTxBuffer
                0x0000000008007b90       0x32 ./Middlewares/ST/STM32_USB_Device_Library/Class/CDC/Src/usbd_cdc.o
                0x0000000008007b90                USBD_CDC_SetTxBuffer
 .text.USBD_CDC_SetRxBuffer
                0x0000000008007bc2       0x26 ./Middlewares/ST/STM32_USB_Device_Library/Class/CDC/Src/usbd_cdc.o
                0x0000000008007bc2                USBD_CDC_SetRxBuffer
 .text.USBD_CDC_ReceivePacket
                0x0000000008007be8       0x54 ./Middlewares/ST/STM32_USB_Device_Library/Class/CDC/Src/usbd_cdc.o
                0x0000000008007be8                USBD_CDC_ReceivePacket
 .text.USBD_Init
                0x0000000008007c3c       0x56 ./Middlewares/ST/STM32_USB_Device_Library/Core/Src/usbd_core.o
                0x0000000008007c3c                USBD_Init
 .text.USBD_RegisterClass
                0x0000000008007c92       0x32 ./Middlewares/ST/STM32_USB_Device_Library/Core/Src/usbd_core.o
                0x0000000008007c92                USBD_RegisterClass
 .text.USBD_Start
                0x0000000008007cc4       0x18 ./Middlewares/ST/STM32_USB_Device_Library/Core/Src/usbd_core.o
                0x0000000008007cc4                USBD_Start
 .text.USBD_RunTestMode
                0x0000000008007cdc       0x14 ./Middlewares/ST/STM32_USB_Device_Library/Core/Src/usbd_core.o
                0x0000000008007cdc                USBD_RunTestMode
 .text.USBD_SetClassConfig
                0x0000000008007cf0       0x3e ./Middlewares/ST/STM32_USB_Device_Library/Core/Src/usbd_core.o
                0x0000000008007cf0                USBD_SetClassConfig
 .text.USBD_ClrClassConfig
                0x0000000008007d2e       0x26 ./Middlewares/ST/STM32_USB_Device_Library/Core/Src/usbd_core.o
                0x0000000008007d2e                USBD_ClrClassConfig
 .text.USBD_LL_SetupStage
                0x0000000008007d54       0x9a ./Middlewares/ST/STM32_USB_Device_Library/Core/Src/usbd_core.o
                0x0000000008007d54                USBD_LL_SetupStage
 .text.USBD_LL_DataOutStage
                0x0000000008007dee       0xe2 ./Middlewares/ST/STM32_USB_Device_Library/Core/Src/usbd_core.o
                0x0000000008007dee                USBD_LL_DataOutStage
 .text.USBD_LL_DataInStage
                0x0000000008007ed0      0x14a ./Middlewares/ST/STM32_USB_Device_Library/Core/Src/usbd_core.o
                0x0000000008007ed0                USBD_LL_DataInStage
 .text.USBD_LL_Reset
                0x000000000800801a       0x82 ./Middlewares/ST/STM32_USB_Device_Library/Core/Src/usbd_core.o
                0x000000000800801a                USBD_LL_Reset
 .text.USBD_LL_SetSpeed
                0x000000000800809c       0x1e ./Middlewares/ST/STM32_USB_Device_Library/Core/Src/usbd_core.o
                0x000000000800809c                USBD_LL_SetSpeed
 .text.USBD_LL_Suspend
                0x00000000080080ba       0x28 ./Middlewares/ST/STM32_USB_Device_Library/Core/Src/usbd_core.o
                0x00000000080080ba                USBD_LL_Suspend
 .text.USBD_LL_Resume
                0x00000000080080e2       0x2a ./Middlewares/ST/STM32_USB_Device_Library/Core/Src/usbd_core.o
                0x00000000080080e2                USBD_LL_Resume
 .text.USBD_LL_SOF
                0x000000000800810c       0x34 ./Middlewares/ST/STM32_USB_Device_Library/Core/Src/usbd_core.o
                0x000000000800810c                USBD_LL_SOF
 .text.USBD_StdDevReq
                0x0000000008008140       0xd4 ./Middlewares/ST/STM32_USB_Device_Library/Core/Src/usbd_ctlreq.o
                0x0000000008008140                USBD_StdDevReq
 .text.USBD_StdItfReq
                0x0000000008008214       0x90 ./Middlewares/ST/STM32_USB_Device_Library/Core/Src/usbd_ctlreq.o
                0x0000000008008214                USBD_StdItfReq
 .text.USBD_StdEPReq
                0x00000000080082a4      0x2c6 ./Middlewares/ST/STM32_USB_Device_Library/Core/Src/usbd_ctlreq.o
                0x00000000080082a4                USBD_StdEPReq
 *fill*         0x000000000800856a        0x2 
 .text.USBD_GetDescriptor
                0x000000000800856c      0x2d0 ./Middlewares/ST/STM32_USB_Device_Library/Core/Src/usbd_ctlreq.o
 .text.USBD_SetAddress
                0x000000000800883c       0x86 ./Middlewares/ST/STM32_USB_Device_Library/Core/Src/usbd_ctlreq.o
 *fill*         0x00000000080088c2        0x2 
 .text.USBD_SetConfig
                0x00000000080088c4      0x11c ./Middlewares/ST/STM32_USB_Device_Library/Core/Src/usbd_ctlreq.o
 .text.USBD_GetConfig
                0x00000000080089e0       0x6a ./Middlewares/ST/STM32_USB_Device_Library/Core/Src/usbd_ctlreq.o
 .text.USBD_GetStatus
                0x0000000008008a4a       0x66 ./Middlewares/ST/STM32_USB_Device_Library/Core/Src/usbd_ctlreq.o
 .text.USBD_SetFeature
                0x0000000008008ab0       0x28 ./Middlewares/ST/STM32_USB_Device_Library/Core/Src/usbd_ctlreq.o
 .text.USBD_ClrFeature
                0x0000000008008ad8       0x42 ./Middlewares/ST/STM32_USB_Device_Library/Core/Src/usbd_ctlreq.o
 .text.USBD_ParseSetupRequest
                0x0000000008008b1a       0x78 ./Middlewares/ST/STM32_USB_Device_Library/Core/Src/usbd_ctlreq.o
                0x0000000008008b1a                USBD_ParseSetupRequest
 .text.USBD_CtlError
                0x0000000008008b92       0x22 ./Middlewares/ST/STM32_USB_Device_Library/Core/Src/usbd_ctlreq.o
                0x0000000008008b92                USBD_CtlError
 .text.USBD_GetString
                0x0000000008008bb4       0x84 ./Middlewares/ST/STM32_USB_Device_Library/Core/Src/usbd_ctlreq.o
                0x0000000008008bb4                USBD_GetString
 .text.USBD_GetLen
                0x0000000008008c38       0x2e ./Middlewares/ST/STM32_USB_Device_Library/Core/Src/usbd_ctlreq.o
 .text.USBD_CtlSendData
                0x0000000008008c66       0x38 ./Middlewares/ST/STM32_USB_Device_Library/Core/Src/usbd_ioreq.o
                0x0000000008008c66                USBD_CtlSendData
 .text.USBD_CtlContinueSendData
                0x0000000008008c9e       0x24 ./Middlewares/ST/STM32_USB_Device_Library/Core/Src/usbd_ioreq.o
                0x0000000008008c9e                USBD_CtlContinueSendData
 .text.USBD_CtlPrepareRx
                0x0000000008008cc2       0x3c ./Middlewares/ST/STM32_USB_Device_Library/Core/Src/usbd_ioreq.o
                0x0000000008008cc2                USBD_CtlPrepareRx
 .text.USBD_CtlContinueRx
                0x0000000008008cfe       0x24 ./Middlewares/ST/STM32_USB_Device_Library/Core/Src/usbd_ioreq.o
                0x0000000008008cfe                USBD_CtlContinueRx
 .text.USBD_CtlSendStatus
                0x0000000008008d22       0x26 ./Middlewares/ST/STM32_USB_Device_Library/Core/Src/usbd_ioreq.o
                0x0000000008008d22                USBD_CtlSendStatus
 .text.USBD_CtlReceiveStatus
                0x0000000008008d48       0x26 ./Middlewares/ST/STM32_USB_Device_Library/Core/Src/usbd_ioreq.o
                0x0000000008008d48                USBD_CtlReceiveStatus
 *fill*         0x0000000008008d6e        0x2 
 .text.MX_USB_DEVICE_Init
                0x0000000008008d70       0x60 ./USB_DEVICE/App/usb_device.o
                0x0000000008008d70                MX_USB_DEVICE_Init
 .text.CDC_Init_FS
                0x0000000008008dd0       0x28 ./USB_DEVICE/App/usbd_cdc_if.o
 .text.CDC_DeInit_FS
                0x0000000008008df8        0xe ./USB_DEVICE/App/usbd_cdc_if.o
 *fill*         0x0000000008008e06        0x2 
 .text.CDC_Control_FS
                0x0000000008008e08       0xbc ./USB_DEVICE/App/usbd_cdc_if.o
 .text.CDC_Receive_FS
                0x0000000008008ec4       0x28 ./USB_DEVICE/App/usbd_cdc_if.o
 .text.USBD_FS_DeviceDescriptor
                0x0000000008008eec       0x24 ./USB_DEVICE/App/usbd_desc.o
                0x0000000008008eec                USBD_FS_DeviceDescriptor
 .text.USBD_FS_LangIDStrDescriptor
                0x0000000008008f10       0x24 ./USB_DEVICE/App/usbd_desc.o
                0x0000000008008f10                USBD_FS_LangIDStrDescriptor
 .text.USBD_FS_ProductStrDescriptor
                0x0000000008008f34       0x3c ./USB_DEVICE/App/usbd_desc.o
                0x0000000008008f34                USBD_FS_ProductStrDescriptor
 .text.USBD_FS_ManufacturerStrDescriptor
                0x0000000008008f70       0x28 ./USB_DEVICE/App/usbd_desc.o
                0x0000000008008f70                USBD_FS_ManufacturerStrDescriptor
 .text.USBD_FS_SerialStrDescriptor
                0x0000000008008f98       0x24 ./USB_DEVICE/App/usbd_desc.o
                0x0000000008008f98                USBD_FS_SerialStrDescriptor
 .text.USBD_FS_ConfigStrDescriptor
                0x0000000008008fbc       0x3c ./USB_DEVICE/App/usbd_desc.o
                0x0000000008008fbc                USBD_FS_ConfigStrDescriptor
 .text.USBD_FS_InterfaceStrDescriptor
                0x0000000008008ff8       0x3c ./USB_DEVICE/App/usbd_desc.o
                0x0000000008008ff8                USBD_FS_InterfaceStrDescriptor
 .text.Get_SerialNum
                0x0000000008009034       0x58 ./USB_DEVICE/App/usbd_desc.o
 .text.IntToUnicode
                0x000000000800908c       0x7c ./USB_DEVICE/App/usbd_desc.o
 .text.HAL_PCD_MspInit
                0x0000000008009108       0x4c ./USB_DEVICE/Target/usbd_conf.o
                0x0000000008009108                HAL_PCD_MspInit
 .text.HAL_PCD_SetupStageCallback
                0x0000000008009154       0x24 ./USB_DEVICE/Target/usbd_conf.o
                0x0000000008009154                HAL_PCD_SetupStageCallback
 .text.HAL_PCD_DataOutStageCallback
                0x0000000008009178       0x36 ./USB_DEVICE/Target/usbd_conf.o
                0x0000000008009178                HAL_PCD_DataOutStageCallback
 .text.HAL_PCD_DataInStageCallback
                0x00000000080091ae       0x34 ./USB_DEVICE/Target/usbd_conf.o
                0x00000000080091ae                HAL_PCD_DataInStageCallback
 .text.HAL_PCD_SOFCallback
                0x00000000080091e2       0x1c ./USB_DEVICE/Target/usbd_conf.o
                0x00000000080091e2                HAL_PCD_SOFCallback
 .text.HAL_PCD_ResetCallback
                0x00000000080091fe       0x3c ./USB_DEVICE/Target/usbd_conf.o
                0x00000000080091fe                HAL_PCD_ResetCallback
 *fill*         0x000000000800923a        0x2 
 .text.HAL_PCD_SuspendCallback
                0x000000000800923c       0x34 ./USB_DEVICE/Target/usbd_conf.o
                0x000000000800923c                HAL_PCD_SuspendCallback
 .text.HAL_PCD_ResumeCallback
                0x0000000008009270       0x1c ./USB_DEVICE/Target/usbd_conf.o
                0x0000000008009270                HAL_PCD_ResumeCallback
 .text.USBD_LL_Init
                0x000000000800928c       0xb4 ./USB_DEVICE/Target/usbd_conf.o
                0x000000000800928c                USBD_LL_Init
 .text.USBD_LL_Start
                0x0000000008009340       0x36 ./USB_DEVICE/Target/usbd_conf.o
                0x0000000008009340                USBD_LL_Start
 .text.USBD_LL_OpenEP
                0x0000000008009376       0x4c ./USB_DEVICE/Target/usbd_conf.o
                0x0000000008009376                USBD_LL_OpenEP
 .text.USBD_LL_CloseEP
                0x00000000080093c2       0x3e ./USB_DEVICE/Target/usbd_conf.o
                0x00000000080093c2                USBD_LL_CloseEP
 .text.USBD_LL_StallEP
                0x0000000008009400       0x3e ./USB_DEVICE/Target/usbd_conf.o
                0x0000000008009400                USBD_LL_StallEP
 .text.USBD_LL_ClearStallEP
                0x000000000800943e       0x3e ./USB_DEVICE/Target/usbd_conf.o
                0x000000000800943e                USBD_LL_ClearStallEP
 .text.USBD_LL_IsStallEP
                0x000000000800947c       0x58 ./USB_DEVICE/Target/usbd_conf.o
                0x000000000800947c                USBD_LL_IsStallEP
 .text.USBD_LL_SetUSBAddress
                0x00000000080094d4       0x3e ./USB_DEVICE/Target/usbd_conf.o
                0x00000000080094d4                USBD_LL_SetUSBAddress
 .text.USBD_LL_Transmit
                0x0000000008009512       0x46 ./USB_DEVICE/Target/usbd_conf.o
                0x0000000008009512                USBD_LL_Transmit
 .text.USBD_LL_PrepareReceive
                0x0000000008009558       0x46 ./USB_DEVICE/Target/usbd_conf.o
                0x0000000008009558                USBD_LL_PrepareReceive
 .text.USBD_LL_GetRxDataSize
                0x000000000800959e       0x26 ./USB_DEVICE/Target/usbd_conf.o
                0x000000000800959e                USBD_LL_GetRxDataSize
 .text.USBD_static_malloc
                0x00000000080095c4       0x18 ./USB_DEVICE/Target/usbd_conf.o
                0x00000000080095c4                USBD_static_malloc
 .text.USBD_static_free
                0x00000000080095dc       0x12 ./USB_DEVICE/Target/usbd_conf.o
                0x00000000080095dc                USBD_static_free
 .text.HAL_PCDEx_SetConnectionState
                0x00000000080095ee       0x16 ./USB_DEVICE/Target/usbd_conf.o
                0x00000000080095ee                HAL_PCDEx_SetConnectionState
 .text.USBD_Get_USB_Status
                0x0000000008009604       0x58 ./USB_DEVICE/Target/usbd_conf.o
 .text.malloc   0x000000000800965c       0x10 C:/ST/STM32CubeIDE_1.13.0/STM32CubeIDE/plugins/com.st.stm32cube.ide.mcu.externaltools.gnu-tools-for-stm32.11.3.rel1.win32_1.1.0.202305231506/tools/bin/../lib/gcc/arm-none-eabi/11.3.1/../../../../arm-none-eabi/lib/thumb/v7-m/nofp\libc_nano.a(libc_a-malloc.o)
                0x000000000800965c                malloc
 .text.free     0x000000000800966c       0x10 C:/ST/STM32CubeIDE_1.13.0/STM32CubeIDE/plugins/com.st.stm32cube.ide.mcu.externaltools.gnu-tools-for-stm32.11.3.rel1.win32_1.1.0.202305231506/tools/bin/../lib/gcc/arm-none-eabi/11.3.1/../../../../arm-none-eabi/lib/thumb/v7-m/nofp\libc_nano.a(libc_a-malloc.o)
                0x000000000800966c                free
 .text.sbrk_aligned
                0x000000000800967c       0x40 C:/ST/STM32CubeIDE_1.13.0/STM32CubeIDE/plugins/com.st.stm32cube.ide.mcu.externaltools.gnu-tools-for-stm32.11.3.rel1.win32_1.1.0.202305231506/tools/bin/../lib/gcc/arm-none-eabi/11.3.1/../../../../arm-none-eabi/lib/thumb/v7-m/nofp\libc_nano.a(libc_a-mallocr.o)
 .text._malloc_r
                0x00000000080096bc      0x100 C:/ST/STM32CubeIDE_1.13.0/STM32CubeIDE/plugins/com.st.stm32cube.ide.mcu.externaltools.gnu-tools-for-stm32.11.3.rel1.win32_1.1.0.202305231506/tools/bin/../lib/gcc/arm-none-eabi/11.3.1/../../../../arm-none-eabi/lib/thumb/v7-m/nofp\libc_nano.a(libc_a-mallocr.o)
                0x00000000080096bc                _malloc_r
 .text.__malloc_lock
                0x00000000080097bc        0xc C:/ST/STM32CubeIDE_1.13.0/STM32CubeIDE/plugins/com.st.stm32cube.ide.mcu.externaltools.gnu-tools-for-stm32.11.3.rel1.win32_1.1.0.202305231506/tools/bin/../lib/gcc/arm-none-eabi/11.3.1/../../../../arm-none-eabi/lib/thumb/v7-m/nofp\libc_nano.a(libc_a-mlock.o)
                0x00000000080097bc                __malloc_lock
 .text.__malloc_unlock
                0x00000000080097c8        0xc C:/ST/STM32CubeIDE_1.13.0/STM32CubeIDE/plugins/com.st.stm32cube.ide.mcu.externaltools.gnu-tools-for-stm32.11.3.rel1.win32_1.1.0.202305231506/tools/bin/../lib/gcc/arm-none-eabi/11.3.1/../../../../arm-none-eabi/lib/thumb/v7-m/nofp\libc_nano.a(libc_a-mlock.o)
                0x00000000080097c8                __malloc_unlock
 .text.__cvt    0x00000000080097d4       0xbe C:/ST/STM32CubeIDE_1.13.0/STM32CubeIDE/plugins/com.st.stm32cube.ide.mcu.externaltools.gnu-tools-for-stm32.11.3.rel1.win32_1.1.0.202305231506/tools/bin/../lib/gcc/arm-none-eabi/11.3.1/../../../../arm-none-eabi/lib/thumb/v7-m/nofp\libc_nano.a(libc_a-nano-vfprintf_float.o)
                0x00000000080097d4                __cvt
 .text.__exponent
                0x0000000008009892       0x7a C:/ST/STM32CubeIDE_1.13.0/STM32CubeIDE/plugins/com.st.stm32cube.ide.mcu.externaltools.gnu-tools-for-stm32.11.3.rel1.win32_1.1.0.202305231506/tools/bin/../lib/gcc/arm-none-eabi/11.3.1/../../../../arm-none-eabi/lib/thumb/v7-m/nofp\libc_nano.a(libc_a-nano-vfprintf_float.o)
                0x0000000008009892                __exponent
 .text._printf_float
                0x000000000800990c      0x45c C:/ST/STM32CubeIDE_1.13.0/STM32CubeIDE/plugins/com.st.stm32cube.ide.mcu.externaltools.gnu-tools-for-stm32.11.3.rel1.win32_1.1.0.202305231506/tools/bin/../lib/gcc/arm-none-eabi/11.3.1/../../../../arm-none-eabi/lib/thumb/v7-m/nofp\libc_nano.a(libc_a-nano-vfprintf_float.o)
                0x000000000800990c                _printf_float
 .text._printf_common
                0x0000000008009d68       0xe4 C:/ST/STM32CubeIDE_1.13.0/STM32CubeIDE/plugins/com.st.stm32cube.ide.mcu.externaltools.gnu-tools-for-stm32.11.3.rel1.win32_1.1.0.202305231506/tools/bin/../lib/gcc/arm-none-eabi/11.3.1/../../../../arm-none-eabi/lib/thumb/v7-m/nofp\libc_nano.a(libc_a-nano-vfprintf_i.o)
                0x0000000008009d68                _printf_common
 .text._printf_i
                0x0000000008009e4c      0x244 C:/ST/STM32CubeIDE_1.13.0/STM32CubeIDE/plugins/com.st.stm32cube.ide.mcu.externaltools.gnu-tools-for-stm32.11.3.rel1.win32_1.1.0.202305231506/tools/bin/../lib/gcc/arm-none-eabi/11.3.1/../../../../arm-none-eabi/lib/thumb/v7-m/nofp\libc_nano.a(libc_a-nano-vfprintf_i.o)
                0x0000000008009e4c                _printf_i
 .text.std      0x000000000800a090       0x48 C:/ST/STM32CubeIDE_1.13.0/STM32CubeIDE/plugins/com.st.stm32cube.ide.mcu.externaltools.gnu-tools-for-stm32.11.3.rel1.win32_1.1.0.202305231506/tools/bin/../lib/gcc/arm-none-eabi/11.3.1/../../../../arm-none-eabi/lib/thumb/v7-m/nofp\libc_nano.a(libc_a-findfp.o)
 .text.stdio_exit_handler
                0x000000000800a0d8       0x18 C:/ST/STM32CubeIDE_1.13.0/STM32CubeIDE/plugins/com.st.stm32cube.ide.mcu.externaltools.gnu-tools-for-stm32.11.3.rel1.win32_1.1.0.202305231506/tools/bin/../lib/gcc/arm-none-eabi/11.3.1/../../../../arm-none-eabi/lib/thumb/v7-m/nofp\libc_nano.a(libc_a-findfp.o)
 .text.cleanup_stdio
                0x000000000800a0f0       0x40 C:/ST/STM32CubeIDE_1.13.0/STM32CubeIDE/plugins/com.st.stm32cube.ide.mcu.externaltools.gnu-tools-for-stm32.11.3.rel1.win32_1.1.0.202305231506/tools/bin/../lib/gcc/arm-none-eabi/11.3.1/../../../../arm-none-eabi/lib/thumb/v7-m/nofp\libc_nano.a(libc_a-findfp.o)
 .text.global_stdio_init.part.0
                0x000000000800a130       0x3c C:/ST/STM32CubeIDE_1.13.0/STM32CubeIDE/plugins/com.st.stm32cube.ide.mcu.externaltools.gnu-tools-for-stm32.11.3.rel1.win32_1.1.0.202305231506/tools/bin/../lib/gcc/arm-none-eabi/11.3.1/../../../../arm-none-eabi/lib/thumb/v7-m/nofp\libc_nano.a(libc_a-findfp.o)
 .text.__sfp_lock_acquire
                0x000000000800a16c        0xc C:/ST/STM32CubeIDE_1.13.0/STM32CubeIDE/plugins/com.st.stm32cube.ide.mcu.externaltools.gnu-tools-for-stm32.11.3.rel1.win32_1.1.0.202305231506/tools/bin/../lib/gcc/arm-none-eabi/11.3.1/../../../../arm-none-eabi/lib/thumb/v7-m/nofp\libc_nano.a(libc_a-findfp.o)
                0x000000000800a16c                __sfp_lock_acquire
 .text.__sfp_lock_release
                0x000000000800a178        0xc C:/ST/STM32CubeIDE_1.13.0/STM32CubeIDE/plugins/com.st.stm32cube.ide.mcu.externaltools.gnu-tools-for-stm32.11.3.rel1.win32_1.1.0.202305231506/tools/bin/../lib/gcc/arm-none-eabi/11.3.1/../../../../arm-none-eabi/lib/thumb/v7-m/nofp\libc_nano.a(libc_a-findfp.o)
                0x000000000800a178                __sfp_lock_release
 .text.__sinit  0x000000000800a184       0x30 C:/ST/STM32CubeIDE_1.13.0/STM32CubeIDE/plugins/com.st.stm32cube.ide.mcu.externaltools.gnu-tools-for-stm32.11.3.rel1.win32_1.1.0.202305231506/tools/bin/../lib/gcc/arm-none-eabi/11.3.1/../../../../arm-none-eabi/lib/thumb/v7-m/nofp\libc_nano.a(libc_a-findfp.o)
                0x000000000800a184                __sinit
 .text._fwalk_sglue
                0x000000000800a1b4       0x3c C:/ST/STM32CubeIDE_1.13.0/STM32CubeIDE/plugins/com.st.stm32cube.ide.mcu.externaltools.gnu-tools-for-stm32.11.3.rel1.win32_1.1.0.202305231506/tools/bin/../lib/gcc/arm-none-eabi/11.3.1/../../../../arm-none-eabi/lib/thumb/v7-m/nofp\libc_nano.a(libc_a-fwalk.o)
                0x000000000800a1b4                _fwalk_sglue
 .text.sprintf  0x000000000800a1f0       0x40 C:/ST/STM32CubeIDE_1.13.0/STM32CubeIDE/plugins/com.st.stm32cube.ide.mcu.externaltools.gnu-tools-for-stm32.11.3.rel1.win32_1.1.0.202305231506/tools/bin/../lib/gcc/arm-none-eabi/11.3.1/../../../../arm-none-eabi/lib/thumb/v7-m/nofp\libc_nano.a(libc_a-sprintf.o)
                0x000000000800a1f0                siprintf
                0x000000000800a1f0                sprintf
 .text.__sread  0x000000000800a230       0x22 C:/ST/STM32CubeIDE_1.13.0/STM32CubeIDE/plugins/com.st.stm32cube.ide.mcu.externaltools.gnu-tools-for-stm32.11.3.rel1.win32_1.1.0.202305231506/tools/bin/../lib/gcc/arm-none-eabi/11.3.1/../../../../arm-none-eabi/lib/thumb/v7-m/nofp\libc_nano.a(libc_a-stdio.o)
                0x000000000800a230                __sread
 .text.__swrite
                0x000000000800a252       0x38 C:/ST/STM32CubeIDE_1.13.0/STM32CubeIDE/plugins/com.st.stm32cube.ide.mcu.externaltools.gnu-tools-for-stm32.11.3.rel1.win32_1.1.0.202305231506/tools/bin/../lib/gcc/arm-none-eabi/11.3.1/../../../../arm-none-eabi/lib/thumb/v7-m/nofp\libc_nano.a(libc_a-stdio.o)
                0x000000000800a252                __swrite
 .text.__sseek  0x000000000800a28a       0x24 C:/ST/STM32CubeIDE_1.13.0/STM32CubeIDE/plugins/com.st.stm32cube.ide.mcu.externaltools.gnu-tools-for-stm32.11.3.rel1.win32_1.1.0.202305231506/tools/bin/../lib/gcc/arm-none-eabi/11.3.1/../../../../arm-none-eabi/lib/thumb/v7-m/nofp\libc_nano.a(libc_a-stdio.o)
                0x000000000800a28a                __sseek
 .text.__sclose
                0x000000000800a2ae        0x8 C:/ST/STM32CubeIDE_1.13.0/STM32CubeIDE/plugins/com.st.stm32cube.ide.mcu.externaltools.gnu-tools-for-stm32.11.3.rel1.win32_1.1.0.202305231506/tools/bin/../lib/gcc/arm-none-eabi/11.3.1/../../../../arm-none-eabi/lib/thumb/v7-m/nofp\libc_nano.a(libc_a-stdio.o)
                0x000000000800a2ae                __sclose
 .text.memset   0x000000000800a2b6       0x10 C:/ST/STM32CubeIDE_1.13.0/STM32CubeIDE/plugins/com.st.stm32cube.ide.mcu.externaltools.gnu-tools-for-stm32.11.3.rel1.win32_1.1.0.202305231506/tools/bin/../lib/gcc/arm-none-eabi/11.3.1/../../../../arm-none-eabi/lib/thumb/v7-m/nofp\libc_nano.a(libc_a-memset.o)
                0x000000000800a2b6                memset
 *fill*         0x000000000800a2c6        0x2 
 .text._localeconv_r
                0x000000000800a2c8        0x8 C:/ST/STM32CubeIDE_1.13.0/STM32CubeIDE/plugins/com.st.stm32cube.ide.mcu.externaltools.gnu-tools-for-stm32.11.3.rel1.win32_1.1.0.202305231506/tools/bin/../lib/gcc/arm-none-eabi/11.3.1/../../../../arm-none-eabi/lib/thumb/v7-m/nofp\libc_nano.a(libc_a-localeconv.o)
                0x000000000800a2c8                _localeconv_r
 .text._close_r
                0x000000000800a2d0       0x20 C:/ST/STM32CubeIDE_1.13.0/STM32CubeIDE/plugins/com.st.stm32cube.ide.mcu.externaltools.gnu-tools-for-stm32.11.3.rel1.win32_1.1.0.202305231506/tools/bin/../lib/gcc/arm-none-eabi/11.3.1/../../../../arm-none-eabi/lib/thumb/v7-m/nofp\libc_nano.a(libc_a-closer.o)
                0x000000000800a2d0                _close_r
 .text._lseek_r
                0x000000000800a2f0       0x24 C:/ST/STM32CubeIDE_1.13.0/STM32CubeIDE/plugins/com.st.stm32cube.ide.mcu.externaltools.gnu-tools-for-stm32.11.3.rel1.win32_1.1.0.202305231506/tools/bin/../lib/gcc/arm-none-eabi/11.3.1/../../../../arm-none-eabi/lib/thumb/v7-m/nofp\libc_nano.a(libc_a-lseekr.o)
                0x000000000800a2f0                _lseek_r
 .text._read_r  0x000000000800a314       0x24 C:/ST/STM32CubeIDE_1.13.0/STM32CubeIDE/plugins/com.st.stm32cube.ide.mcu.externaltools.gnu-tools-for-stm32.11.3.rel1.win32_1.1.0.202305231506/tools/bin/../lib/gcc/arm-none-eabi/11.3.1/../../../../arm-none-eabi/lib/thumb/v7-m/nofp\libc_nano.a(libc_a-readr.o)
                0x000000000800a314                _read_r
 .text._sbrk_r  0x000000000800a338       0x20 C:/ST/STM32CubeIDE_1.13.0/STM32CubeIDE/plugins/com.st.stm32cube.ide.mcu.externaltools.gnu-tools-for-stm32.11.3.rel1.win32_1.1.0.202305231506/tools/bin/../lib/gcc/arm-none-eabi/11.3.1/../../../../arm-none-eabi/lib/thumb/v7-m/nofp\libc_nano.a(libc_a-sbrkr.o)
                0x000000000800a338                _sbrk_r
 .text._write_r
                0x000000000800a358       0x24 C:/ST/STM32CubeIDE_1.13.0/STM32CubeIDE/plugins/com.st.stm32cube.ide.mcu.externaltools.gnu-tools-for-stm32.11.3.rel1.win32_1.1.0.202305231506/tools/bin/../lib/gcc/arm-none-eabi/11.3.1/../../../../arm-none-eabi/lib/thumb/v7-m/nofp\libc_nano.a(libc_a-writer.o)
                0x000000000800a358                _write_r
 .text.__errno  0x000000000800a37c        0xc C:/ST/STM32CubeIDE_1.13.0/STM32CubeIDE/plugins/com.st.stm32cube.ide.mcu.externaltools.gnu-tools-for-stm32.11.3.rel1.win32_1.1.0.202305231506/tools/bin/../lib/gcc/arm-none-eabi/11.3.1/../../../../arm-none-eabi/lib/thumb/v7-m/nofp\libc_nano.a(libc_a-errno.o)
                0x000000000800a37c                __errno
 .text.__libc_init_array
                0x000000000800a388       0x48 C:/ST/STM32CubeIDE_1.13.0/STM32CubeIDE/plugins/com.st.stm32cube.ide.mcu.externaltools.gnu-tools-for-stm32.11.3.rel1.win32_1.1.0.202305231506/tools/bin/../lib/gcc/arm-none-eabi/11.3.1/../../../../arm-none-eabi/lib/thumb/v7-m/nofp\libc_nano.a(libc_a-init.o)
                0x000000000800a388                __libc_init_array
 .text.__retarget_lock_acquire_recursive
                0x000000000800a3d0        0x2 C:/ST/STM32CubeIDE_1.13.0/STM32CubeIDE/plugins/com.st.stm32cube.ide.mcu.externaltools.gnu-tools-for-stm32.11.3.rel1.win32_1.1.0.202305231506/tools/bin/../lib/gcc/arm-none-eabi/11.3.1/../../../../arm-none-eabi/lib/thumb/v7-m/nofp\libc_nano.a(libc_a-lock.o)
                0x000000000800a3d0                __retarget_lock_acquire_recursive
 .text.__retarget_lock_release_recursive
                0x000000000800a3d2        0x2 C:/ST/STM32CubeIDE_1.13.0/STM32CubeIDE/plugins/com.st.stm32cube.ide.mcu.externaltools.gnu-tools-for-stm32.11.3.rel1.win32_1.1.0.202305231506/tools/bin/../lib/gcc/arm-none-eabi/11.3.1/../../../../arm-none-eabi/lib/thumb/v7-m/nofp\libc_nano.a(libc_a-lock.o)
                0x000000000800a3d2                __retarget_lock_release_recursive
 .text.memchr   0x000000000800a3d4       0x1c C:/ST/STM32CubeIDE_1.13.0/STM32CubeIDE/plugins/com.st.stm32cube.ide.mcu.externaltools.gnu-tools-for-stm32.11.3.rel1.win32_1.1.0.202305231506/tools/bin/../lib/gcc/arm-none-eabi/11.3.1/../../../../arm-none-eabi/lib/thumb/v7-m/nofp\libc_nano.a(libc_a-memchr-stub.o)
                0x000000000800a3d4                memchr
 .text.quorem   0x000000000800a3f0      0x112 C:/ST/STM32CubeIDE_1.13.0/STM32CubeIDE/plugins/com.st.stm32cube.ide.mcu.externaltools.gnu-tools-for-stm32.11.3.rel1.win32_1.1.0.202305231506/tools/bin/../lib/gcc/arm-none-eabi/11.3.1/../../../../arm-none-eabi/lib/thumb/v7-m/nofp\libc_nano.a(libc_a-dtoa.o)
 *fill*         0x000000000800a502        0x6 
 .text._dtoa_r  0x000000000800a508      0xbc8 C:/ST/STM32CubeIDE_1.13.0/STM32CubeIDE/plugins/com.st.stm32cube.ide.mcu.externaltools.gnu-tools-for-stm32.11.3.rel1.win32_1.1.0.202305231506/tools/bin/../lib/gcc/arm-none-eabi/11.3.1/../../../../arm-none-eabi/lib/thumb/v7-m/nofp\libc_nano.a(libc_a-dtoa.o)
                0x000000000800a508                _dtoa_r
 .text._free_r  0x000000000800b0d0       0x90 C:/ST/STM32CubeIDE_1.13.0/STM32CubeIDE/plugins/com.st.stm32cube.ide.mcu.externaltools.gnu-tools-for-stm32.11.3.rel1.win32_1.1.0.202305231506/tools/bin/../lib/gcc/arm-none-eabi/11.3.1/../../../../arm-none-eabi/lib/thumb/v7-m/nofp\libc_nano.a(libc_a-freer.o)
                0x000000000800b0d0                _free_r
 .text._Balloc  0x000000000800b160       0x80 C:/ST/STM32CubeIDE_1.13.0/STM32CubeIDE/plugins/com.st.stm32cube.ide.mcu.externaltools.gnu-tools-for-stm32.11.3.rel1.win32_1.1.0.202305231506/tools/bin/../lib/gcc/arm-none-eabi/11.3.1/../../../../arm-none-eabi/lib/thumb/v7-m/nofp\libc_nano.a(libc_a-mprec.o)
                0x000000000800b160                _Balloc
 .text._Bfree   0x000000000800b1e0       0x44 C:/ST/STM32CubeIDE_1.13.0/STM32CubeIDE/plugins/com.st.stm32cube.ide.mcu.externaltools.gnu-tools-for-stm32.11.3.rel1.win32_1.1.0.202305231506/tools/bin/../lib/gcc/arm-none-eabi/11.3.1/../../../../arm-none-eabi/lib/thumb/v7-m/nofp\libc_nano.a(libc_a-mprec.o)
                0x000000000800b1e0                _Bfree
 .text.__multadd
                0x000000000800b224       0x8c C:/ST/STM32CubeIDE_1.13.0/STM32CubeIDE/plugins/com.st.stm32cube.ide.mcu.externaltools.gnu-tools-for-stm32.11.3.rel1.win32_1.1.0.202305231506/tools/bin/../lib/gcc/arm-none-eabi/11.3.1/../../../../arm-none-eabi/lib/thumb/v7-m/nofp\libc_nano.a(libc_a-mprec.o)
                0x000000000800b224                __multadd
 .text.__hi0bits
                0x000000000800b2b0       0x40 C:/ST/STM32CubeIDE_1.13.0/STM32CubeIDE/plugins/com.st.stm32cube.ide.mcu.externaltools.gnu-tools-for-stm32.11.3.rel1.win32_1.1.0.202305231506/tools/bin/../lib/gcc/arm-none-eabi/11.3.1/../../../../arm-none-eabi/lib/thumb/v7-m/nofp\libc_nano.a(libc_a-mprec.o)
                0x000000000800b2b0                __hi0bits
 .text.__lo0bits
                0x000000000800b2f0       0x5a C:/ST/STM32CubeIDE_1.13.0/STM32CubeIDE/plugins/com.st.stm32cube.ide.mcu.externaltools.gnu-tools-for-stm32.11.3.rel1.win32_1.1.0.202305231506/tools/bin/../lib/gcc/arm-none-eabi/11.3.1/../../../../arm-none-eabi/lib/thumb/v7-m/nofp\libc_nano.a(libc_a-mprec.o)
                0x000000000800b2f0                __lo0bits
 *fill*         0x000000000800b34a        0x2 
 .text.__i2b    0x000000000800b34c       0x2c C:/ST/STM32CubeIDE_1.13.0/STM32CubeIDE/plugins/com.st.stm32cube.ide.mcu.externaltools.gnu-tools-for-stm32.11.3.rel1.win32_1.1.0.202305231506/tools/bin/../lib/gcc/arm-none-eabi/11.3.1/../../../../arm-none-eabi/lib/thumb/v7-m/nofp\libc_nano.a(libc_a-mprec.o)
                0x000000000800b34c                __i2b
 .text.__multiply
                0x000000000800b378      0x150 C:/ST/STM32CubeIDE_1.13.0/STM32CubeIDE/plugins/com.st.stm32cube.ide.mcu.externaltools.gnu-tools-for-stm32.11.3.rel1.win32_1.1.0.202305231506/tools/bin/../lib/gcc/arm-none-eabi/11.3.1/../../../../arm-none-eabi/lib/thumb/v7-m/nofp\libc_nano.a(libc_a-mprec.o)
                0x000000000800b378                __multiply
 .text.__pow5mult
                0x000000000800b4c8       0xb4 C:/ST/STM32CubeIDE_1.13.0/STM32CubeIDE/plugins/com.st.stm32cube.ide.mcu.externaltools.gnu-tools-for-stm32.11.3.rel1.win32_1.1.0.202305231506/tools/bin/../lib/gcc/arm-none-eabi/11.3.1/../../../../arm-none-eabi/lib/thumb/v7-m/nofp\libc_nano.a(libc_a-mprec.o)
                0x000000000800b4c8                __pow5mult
 .text.__lshift
                0x000000000800b57c       0xd8 C:/ST/STM32CubeIDE_1.13.0/STM32CubeIDE/plugins/com.st.stm32cube.ide.mcu.externaltools.gnu-tools-for-stm32.11.3.rel1.win32_1.1.0.202305231506/tools/bin/../lib/gcc/arm-none-eabi/11.3.1/../../../../arm-none-eabi/lib/thumb/v7-m/nofp\libc_nano.a(libc_a-mprec.o)
                0x000000000800b57c                __lshift
 .text.__mcmp   0x000000000800b654       0x36 C:/ST/STM32CubeIDE_1.13.0/STM32CubeIDE/plugins/com.st.stm32cube.ide.mcu.externaltools.gnu-tools-for-stm32.11.3.rel1.win32_1.1.0.202305231506/tools/bin/../lib/gcc/arm-none-eabi/11.3.1/../../../../arm-none-eabi/lib/thumb/v7-m/nofp\libc_nano.a(libc_a-mprec.o)
                0x000000000800b654                __mcmp
 *fill*         0x000000000800b68a        0x2 
 .text.__mdiff  0x000000000800b68c      0x118 C:/ST/STM32CubeIDE_1.13.0/STM32CubeIDE/plugins/com.st.stm32cube.ide.mcu.externaltools.gnu-tools-for-stm32.11.3.rel1.win32_1.1.0.202305231506/tools/bin/../lib/gcc/arm-none-eabi/11.3.1/../../../../arm-none-eabi/lib/thumb/v7-m/nofp\libc_nano.a(libc_a-mprec.o)
                0x000000000800b68c                __mdiff
 .text.__d2b    0x000000000800b7a4       0xac C:/ST/STM32CubeIDE_1.13.0/STM32CubeIDE/plugins/com.st.stm32cube.ide.mcu.externaltools.gnu-tools-for-stm32.11.3.rel1.win32_1.1.0.202305231506/tools/bin/../lib/gcc/arm-none-eabi/11.3.1/../../../../arm-none-eabi/lib/thumb/v7-m/nofp\libc_nano.a(libc_a-mprec.o)
                0x000000000800b7a4                __d2b
 .text.__ssputs_r
                0x000000000800b850       0xb4 C:/ST/STM32CubeIDE_1.13.0/STM32CubeIDE/plugins/com.st.stm32cube.ide.mcu.externaltools.gnu-tools-for-stm32.11.3.rel1.win32_1.1.0.202305231506/tools/bin/../lib/gcc/arm-none-eabi/11.3.1/../../../../arm-none-eabi/lib/thumb/v7-m/nofp\libc_nano.a(libc_a-nano-svfprintf.o)
                0x000000000800b850                __ssputs_r
 .text._svfprintf_r
                0x000000000800b904      0x1fc C:/ST/STM32CubeIDE_1.13.0/STM32CubeIDE/plugins/com.st.stm32cube.ide.mcu.externaltools.gnu-tools-for-stm32.11.3.rel1.win32_1.1.0.202305231506/tools/bin/../lib/gcc/arm-none-eabi/11.3.1/../../../../arm-none-eabi/lib/thumb/v7-m/nofp\libc_nano.a(libc_a-nano-svfprintf.o)
                0x000000000800b904                _svfiprintf_r
                0x000000000800b904                _svfprintf_r
 .text.__sflush_r
                0x000000000800bb00      0x104 C:/ST/STM32CubeIDE_1.13.0/STM32CubeIDE/plugins/com.st.stm32cube.ide.mcu.externaltools.gnu-tools-for-stm32.11.3.rel1.win32_1.1.0.202305231506/tools/bin/../lib/gcc/arm-none-eabi/11.3.1/../../../../arm-none-eabi/lib/thumb/v7-m/nofp\libc_nano.a(libc_a-fflush.o)
                0x000000000800bb00                __sflush_r
 .text._fflush_r
                0x000000000800bc04       0x50 C:/ST/STM32CubeIDE_1.13.0/STM32CubeIDE/plugins/com.st.stm32cube.ide.mcu.externaltools.gnu-tools-for-stm32.11.3.rel1.win32_1.1.0.202305231506/tools/bin/../lib/gcc/arm-none-eabi/11.3.1/../../../../arm-none-eabi/lib/thumb/v7-m/nofp\libc_nano.a(libc_a-fflush.o)
                0x000000000800bc04                _fflush_r
 .text.memmove  0x000000000800bc54       0x34 C:/ST/STM32CubeIDE_1.13.0/STM32CubeIDE/plugins/com.st.stm32cube.ide.mcu.externaltools.gnu-tools-for-stm32.11.3.rel1.win32_1.1.0.202305231506/tools/bin/../lib/gcc/arm-none-eabi/11.3.1/../../../../arm-none-eabi/lib/thumb/v7-m/nofp\libc_nano.a(libc_a-memmove.o)
                0x000000000800bc54                memmove
 .text.memcpy   0x000000000800bc88       0x1c C:/ST/STM32CubeIDE_1.13.0/STM32CubeIDE/plugins/com.st.stm32cube.ide.mcu.externaltools.gnu-tools-for-stm32.11.3.rel1.win32_1.1.0.202305231506/tools/bin/../lib/gcc/arm-none-eabi/11.3.1/../../../../arm-none-eabi/lib/thumb/v7-m/nofp\libc_nano.a(libc_a-memcpy-stub.o)
                0x000000000800bc88                memcpy
 .text.__assert_func
                0x000000000800bca4       0x3c C:/ST/STM32CubeIDE_1.13.0/STM32CubeIDE/plugins/com.st.stm32cube.ide.mcu.externaltools.gnu-tools-for-stm32.11.3.rel1.win32_1.1.0.202305231506/tools/bin/../lib/gcc/arm-none-eabi/11.3.1/../../../../arm-none-eabi/lib/thumb/v7-m/nofp\libc_nano.a(libc_a-assert.o)
                0x000000000800bca4                __assert_func
 .text._calloc_r
                0x000000000800bce0       0x28 C:/ST/STM32CubeIDE_1.13.0/STM32CubeIDE/plugins/com.st.stm32cube.ide.mcu.externaltools.gnu-tools-for-stm32.11.3.rel1.win32_1.1.0.202305231506/tools/bin/../lib/gcc/arm-none-eabi/11.3.1/../../../../arm-none-eabi/lib/thumb/v7-m/nofp\libc_nano.a(libc_a-callocr.o)
                0x000000000800bce0                _calloc_r
 .text.__ascii_mbtowc
                0x000000000800bd08       0x24 C:/ST/STM32CubeIDE_1.13.0/STM32CubeIDE/plugins/com.st.stm32cube.ide.mcu.externaltools.gnu-tools-for-stm32.11.3.rel1.win32_1.1.0.202305231506/tools/bin/../lib/gcc/arm-none-eabi/11.3.1/../../../../arm-none-eabi/lib/thumb/v7-m/nofp\libc_nano.a(libc_a-mbtowc_r.o)
                0x000000000800bd08                __ascii_mbtowc
 .text._realloc_r
                0x000000000800bd2c       0x5e C:/ST/STM32CubeIDE_1.13.0/STM32CubeIDE/plugins/com.st.stm32cube.ide.mcu.externaltools.gnu-tools-for-stm32.11.3.rel1.win32_1.1.0.202305231506/tools/bin/../lib/gcc/arm-none-eabi/11.3.1/../../../../arm-none-eabi/lib/thumb/v7-m/nofp\libc_nano.a(libc_a-reallocr.o)
                0x000000000800bd2c                _realloc_r
 .text.__ascii_wctomb
                0x000000000800bd8a       0x1a C:/ST/STM32CubeIDE_1.13.0/STM32CubeIDE/plugins/com.st.stm32cube.ide.mcu.externaltools.gnu-tools-for-stm32.11.3.rel1.win32_1.1.0.202305231506/tools/bin/../lib/gcc/arm-none-eabi/11.3.1/../../../../arm-none-eabi/lib/thumb/v7-m/nofp\libc_nano.a(libc_a-wctomb_r.o)
                0x000000000800bd8a                __ascii_wctomb
 .text.fprintf  0x000000000800bda4       0x24 C:/ST/STM32CubeIDE_1.13.0/STM32CubeIDE/plugins/com.st.stm32cube.ide.mcu.externaltools.gnu-tools-for-stm32.11.3.rel1.win32_1.1.0.202305231506/tools/bin/../lib/gcc/arm-none-eabi/11.3.1/../../../../arm-none-eabi/lib/thumb/v7-m/nofp\libc_nano.a(libc_a-fprintf.o)
                0x000000000800bda4                fiprintf
                0x000000000800bda4                fprintf
 .text.abort    0x000000000800bdc8        0xe C:/ST/STM32CubeIDE_1.13.0/STM32CubeIDE/plugins/com.st.stm32cube.ide.mcu.externaltools.gnu-tools-for-stm32.11.3.rel1.win32_1.1.0.202305231506/tools/bin/../lib/gcc/arm-none-eabi/11.3.1/../../../../arm-none-eabi/lib/thumb/v7-m/nofp\libc_nano.a(libc_a-abort.o)
                0x000000000800bdc8                abort
 .text._malloc_usable_size_r
                0x000000000800bdd6       0x10 C:/ST/STM32CubeIDE_1.13.0/STM32CubeIDE/plugins/com.st.stm32cube.ide.mcu.externaltools.gnu-tools-for-stm32.11.3.rel1.win32_1.1.0.202305231506/tools/bin/../lib/gcc/arm-none-eabi/11.3.1/../../../../arm-none-eabi/lib/thumb/v7-m/nofp\libc_nano.a(libc_a-msizer.o)
                0x000000000800bdd6                _malloc_usable_size_r
 .text.__sfputc_r
                0x000000000800bde6       0x2a C:/ST/STM32CubeIDE_1.13.0/STM32CubeIDE/plugins/com.st.stm32cube.ide.mcu.externaltools.gnu-tools-for-stm32.11.3.rel1.win32_1.1.0.202305231506/tools/bin/../lib/gcc/arm-none-eabi/11.3.1/../../../../arm-none-eabi/lib/thumb/v7-m/nofp\libc_nano.a(libc_a-nano-vfprintf.o)
 .text.__sfputs_r
                0x000000000800be10       0x24 C:/ST/STM32CubeIDE_1.13.0/STM32CubeIDE/plugins/com.st.stm32cube.ide.mcu.externaltools.gnu-tools-for-stm32.11.3.rel1.win32_1.1.0.202305231506/tools/bin/../lib/gcc/arm-none-eabi/11.3.1/../../../../arm-none-eabi/lib/thumb/v7-m/nofp\libc_nano.a(libc_a-nano-vfprintf.o)
                0x000000000800be10                __sfputs_r
 .text._vfprintf_r
                0x000000000800be34      0x234 C:/ST/STM32CubeIDE_1.13.0/STM32CubeIDE/plugins/com.st.stm32cube.ide.mcu.externaltools.gnu-tools-for-stm32.11.3.rel1.win32_1.1.0.202305231506/tools/bin/../lib/gcc/arm-none-eabi/11.3.1/../../../../arm-none-eabi/lib/thumb/v7-m/nofp\libc_nano.a(libc_a-nano-vfprintf.o)
                0x000000000800be34                _vfprintf_r
                0x000000000800be34                _vfiprintf_r
 .text.__swbuf_r
                0x000000000800c068       0x7a C:/ST/STM32CubeIDE_1.13.0/STM32CubeIDE/plugins/com.st.stm32cube.ide.mcu.externaltools.gnu-tools-for-stm32.11.3.rel1.win32_1.1.0.202305231506/tools/bin/../lib/gcc/arm-none-eabi/11.3.1/../../../../arm-none-eabi/lib/thumb/v7-m/nofp\libc_nano.a(libc_a-wbuf.o)
                0x000000000800c068                __swbuf_r
 *fill*         0x000000000800c0e2        0x2 
 .text.__swsetup_r
                0x000000000800c0e4       0xb0 C:/ST/STM32CubeIDE_1.13.0/STM32CubeIDE/plugins/com.st.stm32cube.ide.mcu.externaltools.gnu-tools-for-stm32.11.3.rel1.win32_1.1.0.202305231506/tools/bin/../lib/gcc/arm-none-eabi/11.3.1/../../../../arm-none-eabi/lib/thumb/v7-m/nofp\libc_nano.a(libc_a-wsetup.o)
                0x000000000800c0e4                __swsetup_r
 .text._raise_r
                0x000000000800c194       0x50 C:/ST/STM32CubeIDE_1.13.0/STM32CubeIDE/plugins/com.st.stm32cube.ide.mcu.externaltools.gnu-tools-for-stm32.11.3.rel1.win32_1.1.0.202305231506/tools/bin/../lib/gcc/arm-none-eabi/11.3.1/../../../../arm-none-eabi/lib/thumb/v7-m/nofp\libc_nano.a(libc_a-signal.o)
                0x000000000800c194                _raise_r
 .text.raise    0x000000000800c1e4       0x10 C:/ST/STM32CubeIDE_1.13.0/STM32CubeIDE/plugins/com.st.stm32cube.ide.mcu.externaltools.gnu-tools-for-stm32.11.3.rel1.win32_1.1.0.202305231506/tools/bin/../lib/gcc/arm-none-eabi/11.3.1/../../../../arm-none-eabi/lib/thumb/v7-m/nofp\libc_nano.a(libc_a-signal.o)
                0x000000000800c1e4                raise
 .text._kill_r  0x000000000800c1f4       0x24 C:/ST/STM32CubeIDE_1.13.0/STM32CubeIDE/plugins/com.st.stm32cube.ide.mcu.externaltools.gnu-tools-for-stm32.11.3.rel1.win32_1.1.0.202305231506/tools/bin/../lib/gcc/arm-none-eabi/11.3.1/../../../../arm-none-eabi/lib/thumb/v7-m/nofp\libc_nano.a(libc_a-signalr.o)
                0x000000000800c1f4                _kill_r
 .text._getpid_r
                0x000000000800c218        0x4 C:/ST/STM32CubeIDE_1.13.0/STM32CubeIDE/plugins/com.st.stm32cube.ide.mcu.externaltools.gnu-tools-for-stm32.11.3.rel1.win32_1.1.0.202305231506/tools/bin/../lib/gcc/arm-none-eabi/11.3.1/../../../../arm-none-eabi/lib/thumb/v7-m/nofp\libc_nano.a(libc_a-signalr.o)
                0x000000000800c218                _getpid_r
 .text.__swhatbuf_r
                0x000000000800c21c       0x4a C:/ST/STM32CubeIDE_1.13.0/STM32CubeIDE/plugins/com.st.stm32cube.ide.mcu.externaltools.gnu-tools-for-stm32.11.3.rel1.win32_1.1.0.202305231506/tools/bin/../lib/gcc/arm-none-eabi/11.3.1/../../../../arm-none-eabi/lib/thumb/v7-m/nofp\libc_nano.a(libc_a-makebuf.o)
                0x000000000800c21c                __swhatbuf_r
 .text.__smakebuf_r
                0x000000000800c266       0x78 C:/ST/STM32CubeIDE_1.13.0/STM32CubeIDE/plugins/com.st.stm32cube.ide.mcu.externaltools.gnu-tools-for-stm32.11.3.rel1.win32_1.1.0.202305231506/tools/bin/../lib/gcc/arm-none-eabi/11.3.1/../../../../arm-none-eabi/lib/thumb/v7-m/nofp\libc_nano.a(libc_a-makebuf.o)
                0x000000000800c266                __smakebuf_r
 *fill*         0x000000000800c2de        0x2 
 .text._fstat_r
                0x000000000800c2e0       0x24 C:/ST/STM32CubeIDE_1.13.0/STM32CubeIDE/plugins/com.st.stm32cube.ide.mcu.externaltools.gnu-tools-for-stm32.11.3.rel1.win32_1.1.0.202305231506/tools/bin/../lib/gcc/arm-none-eabi/11.3.1/../../../../arm-none-eabi/lib/thumb/v7-m/nofp\libc_nano.a(libc_a-fstatr.o)
                0x000000000800c2e0                _fstat_r
 .text._isatty_r
                0x000000000800c304       0x20 C:/ST/STM32CubeIDE_1.13.0/STM32CubeIDE/plugins/com.st.stm32cube.ide.mcu.externaltools.gnu-tools-for-stm32.11.3.rel1.win32_1.1.0.202305231506/tools/bin/../lib/gcc/arm-none-eabi/11.3.1/../../../../arm-none-eabi/lib/thumb/v7-m/nofp\libc_nano.a(libc_a-isattyr.o)
                0x000000000800c304                _isatty_r
 *(.glue_7)
 .glue_7        0x000000000800c324        0x0 linker stubs
 *(.glue_7t)
 .glue_7t       0x000000000800c324        0x0 linker stubs
 *(.eh_frame)
 .eh_frame      0x000000000800c324        0x0 C:/ST/STM32CubeIDE_1.13.0/STM32CubeIDE/plugins/com.st.stm32cube.ide.mcu.externaltools.gnu-tools-for-stm32.11.3.rel1.win32_1.1.0.202305231506/tools/bin/../lib/gcc/arm-none-eabi/11.3.1/thumb/v7-m/nofp/crtbegin.o
 *(.init)
 .init          0x000000000800c324        0x4 C:/ST/STM32CubeIDE_1.13.0/STM32CubeIDE/plugins/com.st.stm32cube.ide.mcu.externaltools.gnu-tools-for-stm32.11.3.rel1.win32_1.1.0.202305231506/tools/bin/../lib/gcc/arm-none-eabi/11.3.1/thumb/v7-m/nofp/crti.o
                0x000000000800c324                _init
 .init          0x000000000800c328        0x8 C:/ST/STM32CubeIDE_1.13.0/STM32CubeIDE/plugins/com.st.stm32cube.ide.mcu.externaltools.gnu-tools-for-stm32.11.3.rel1.win32_1.1.0.202305231506/tools/bin/../lib/gcc/arm-none-eabi/11.3.1/thumb/v7-m/nofp/crtn.o
 *(.fini)
 .fini          0x000000000800c330        0x4 C:/ST/STM32CubeIDE_1.13.0/STM32CubeIDE/plugins/com.st.stm32cube.ide.mcu.externaltools.gnu-tools-for-stm32.11.3.rel1.win32_1.1.0.202305231506/tools/bin/../lib/gcc/arm-none-eabi/11.3.1/thumb/v7-m/nofp/crti.o
                0x000000000800c330                _fini
 .fini          0x000000000800c334        0x8 C:/ST/STM32CubeIDE_1.13.0/STM32CubeIDE/plugins/com.st.stm32cube.ide.mcu.externaltools.gnu-tools-for-stm32.11.3.rel1.win32_1.1.0.202305231506/tools/bin/../lib/gcc/arm-none-eabi/11.3.1/thumb/v7-m/nofp/crtn.o
                0x000000000800c33c                . = ALIGN (0x4)
                0x000000000800c33c                _etext = .

.vfp11_veneer   0x000000000800c33c        0x0
 .vfp11_veneer  0x000000000800c33c        0x0 linker stubs

.v4_bx          0x000000000800c33c        0x0
 .v4_bx         0x000000000800c33c        0x0 linker stubs

.iplt           0x000000000800c33c        0x0
 .iplt          0x000000000800c33c        0x0 C:/ST/STM32CubeIDE_1.13.0/STM32CubeIDE/plugins/com.st.stm32cube.ide.mcu.externaltools.gnu-tools-for-stm32.11.3.rel1.win32_1.1.0.202305231506/tools/bin/../lib/gcc/arm-none-eabi/11.3.1/thumb/v7-m/nofp/crtbegin.o

.rodata         0x000000000800c340      0xbfc
                0x000000000800c340                . = ALIGN (0x4)
 *(.rodata)
 .rodata        0x000000000800c340       0x29 ./Core/User/Views/page_about.o
 *fill*         0x000000000800c369        0x3 
 .rodata        0x000000000800c36c        0x4 ./Core/User/Views/page_settings.o
 .rodata        0x000000000800c370       0x10 ./Core/User/display.o
 .rodata        0x000000000800c380       0x46 ./USB_DEVICE/App/usbd_desc.o
 *(.rodata*)
 *fill*         0x000000000800c3c6        0x2 
 .rodata.AHBPrescTable
                0x000000000800c3c8       0x10 ./Core/Src/system_stm32f1xx.o
                0x000000000800c3c8                AHBPrescTable
 .rodata.Font7x10
                0x000000000800c3d8      0x76c ./Core/User/st7735/fonts.o
 .rodata.init_cmds1
                0x000000000800cb44       0x3b ./Core/User/st7735/st7735.o
 *fill*         0x000000000800cb7f        0x1 
 .rodata.init_cmds2
                0x000000000800cb80        0xd ./Core/User/st7735/st7735.o
 *fill*         0x000000000800cb8d        0x3 
 .rodata.init_cmds3
                0x000000000800cb90       0x2b ./Core/User/st7735/st7735.o
 *fill*         0x000000000800cbbb        0x1 
 .rodata.aPLLMULFactorTable.1
                0x000000000800cbbc       0x10 ./Drivers/STM32F1xx_HAL_Driver/Src/stm32f1xx_hal_rcc.o
 .rodata.aPredivFactorTable.0
                0x000000000800cbcc        0x2 ./Drivers/STM32F1xx_HAL_Driver/Src/stm32f1xx_hal_rcc.o
 .rodata._printf_float.str1.1
                0x000000000800cbce       0x12 C:/ST/STM32CubeIDE_1.13.0/STM32CubeIDE/plugins/com.st.stm32cube.ide.mcu.externaltools.gnu-tools-for-stm32.11.3.rel1.win32_1.1.0.202305231506/tools/bin/../lib/gcc/arm-none-eabi/11.3.1/../../../../arm-none-eabi/lib/thumb/v7-m/nofp\libc_nano.a(libc_a-nano-vfprintf_float.o)
 .rodata._printf_i.str1.1
                0x000000000800cbe0       0x22 C:/ST/STM32CubeIDE_1.13.0/STM32CubeIDE/plugins/com.st.stm32cube.ide.mcu.externaltools.gnu-tools-for-stm32.11.3.rel1.win32_1.1.0.202305231506/tools/bin/../lib/gcc/arm-none-eabi/11.3.1/../../../../arm-none-eabi/lib/thumb/v7-m/nofp\libc_nano.a(libc_a-nano-vfprintf_i.o)
 .rodata._dtoa_r.str1.1
                0x000000000800cc02       0x8d C:/ST/STM32CubeIDE_1.13.0/STM32CubeIDE/plugins/com.st.stm32cube.ide.mcu.externaltools.gnu-tools-for-stm32.11.3.rel1.win32_1.1.0.202305231506/tools/bin/../lib/gcc/arm-none-eabi/11.3.1/../../../../arm-none-eabi/lib/thumb/v7-m/nofp\libc_nano.a(libc_a-dtoa.o)
                                         0x8f (size before relaxing)
 .rodata._Balloc.str1.1
                0x000000000800cc8f       0x59 C:/ST/STM32CubeIDE_1.13.0/STM32CubeIDE/plugins/com.st.stm32cube.ide.mcu.externaltools.gnu-tools-for-stm32.11.3.rel1.win32_1.1.0.202305231506/tools/bin/../lib/gcc/arm-none-eabi/11.3.1/../../../../arm-none-eabi/lib/thumb/v7-m/nofp\libc_nano.a(libc_a-mprec.o)
                                         0x70 (size before relaxing)
 .rodata.__multadd.str1.1
                0x000000000800cce8       0x11 C:/ST/STM32CubeIDE_1.13.0/STM32CubeIDE/plugins/com.st.stm32cube.ide.mcu.externaltools.gnu-tools-for-stm32.11.3.rel1.win32_1.1.0.202305231506/tools/bin/../lib/gcc/arm-none-eabi/11.3.1/../../../../arm-none-eabi/lib/thumb/v7-m/nofp\libc_nano.a(libc_a-mprec.o)
 .rodata.__mprec_bigtens
                0x000000000800cce8       0x28 C:/ST/STM32CubeIDE_1.13.0/STM32CubeIDE/plugins/com.st.stm32cube.ide.mcu.externaltools.gnu-tools-for-stm32.11.3.rel1.win32_1.1.0.202305231506/tools/bin/../lib/gcc/arm-none-eabi/11.3.1/../../../../arm-none-eabi/lib/thumb/v7-m/nofp\libc_nano.a(libc_a-mprec.o)
                0x000000000800cce8                __mprec_bigtens
 .rodata.__mprec_tens
                0x000000000800cd10       0xc8 C:/ST/STM32CubeIDE_1.13.0/STM32CubeIDE/plugins/com.st.stm32cube.ide.mcu.externaltools.gnu-tools-for-stm32.11.3.rel1.win32_1.1.0.202305231506/tools/bin/../lib/gcc/arm-none-eabi/11.3.1/../../../../arm-none-eabi/lib/thumb/v7-m/nofp\libc_nano.a(libc_a-mprec.o)
                0x000000000800cd10                __mprec_tens
 .rodata.p05.0  0x000000000800cdd8        0xc C:/ST/STM32CubeIDE_1.13.0/STM32CubeIDE/plugins/com.st.stm32cube.ide.mcu.externaltools.gnu-tools-for-stm32.11.3.rel1.win32_1.1.0.202305231506/tools/bin/../lib/gcc/arm-none-eabi/11.3.1/../../../../arm-none-eabi/lib/thumb/v7-m/nofp\libc_nano.a(libc_a-mprec.o)
 .rodata._svfprintf_r.str1.1
                0x000000000800cde4       0x11 C:/ST/STM32CubeIDE_1.13.0/STM32CubeIDE/plugins/com.st.stm32cube.ide.mcu.externaltools.gnu-tools-for-stm32.11.3.rel1.win32_1.1.0.202305231506/tools/bin/../lib/gcc/arm-none-eabi/11.3.1/../../../../arm-none-eabi/lib/thumb/v7-m/nofp\libc_nano.a(libc_a-nano-svfprintf.o)
 .rodata._setlocale_r.str1.1
                0x000000000800cdf5        0x8 C:/ST/STM32CubeIDE_1.13.0/STM32CubeIDE/plugins/com.st.stm32cube.ide.mcu.externaltools.gnu-tools-for-stm32.11.3.rel1.win32_1.1.0.202305231506/tools/bin/../lib/gcc/arm-none-eabi/11.3.1/../../../../arm-none-eabi/lib/thumb/v7-m/nofp\libc_nano.a(libc_a-locale.o)
                                          0x9 (size before relaxing)
 .rodata.str1.1
                0x000000000800cdfd        0x2 C:/ST/STM32CubeIDE_1.13.0/STM32CubeIDE/plugins/com.st.stm32cube.ide.mcu.externaltools.gnu-tools-for-stm32.11.3.rel1.win32_1.1.0.202305231506/tools/bin/../lib/gcc/arm-none-eabi/11.3.1/../../../../arm-none-eabi/lib/thumb/v7-m/nofp\libc_nano.a(libc_a-locale.o)
 .rodata.__assert_func.str1.1
                0x000000000800cdff       0x3c C:/ST/STM32CubeIDE_1.13.0/STM32CubeIDE/plugins/com.st.stm32cube.ide.mcu.externaltools.gnu-tools-for-stm32.11.3.rel1.win32_1.1.0.202305231506/tools/bin/../lib/gcc/arm-none-eabi/11.3.1/../../../../arm-none-eabi/lib/thumb/v7-m/nofp\libc_nano.a(libc_a-assert.o)
                                         0x3d (size before relaxing)
 .rodata._ctype_
                0x000000000800ce3b      0x101 C:/ST/STM32CubeIDE_1.13.0/STM32CubeIDE/plugins/com.st.stm32cube.ide.mcu.externaltools.gnu-tools-for-stm32.11.3.rel1.win32_1.1.0.202305231506/tools/bin/../lib/gcc/arm-none-eabi/11.3.1/../../../../arm-none-eabi/lib/thumb/v7-m/nofp\libc_nano.a(libc_a-ctype_.o)
                0x000000000800ce3b                _ctype_
 .rodata._vfprintf_r.str1.1
                0x000000000800cf3c       0x11 C:/ST/STM32CubeIDE_1.13.0/STM32CubeIDE/plugins/com.st.stm32cube.ide.mcu.externaltools.gnu-tools-for-stm32.11.3.rel1.win32_1.1.0.202305231506/tools/bin/../lib/gcc/arm-none-eabi/11.3.1/../../../../arm-none-eabi/lib/thumb/v7-m/nofp\libc_nano.a(libc_a-nano-vfprintf.o)
                0x000000000800cf50                . = ALIGN (0x4)

.rel.dyn        0x000000000800cf3c        0x0
 .rel.iplt      0x000000000800cf3c        0x0 C:/ST/STM32CubeIDE_1.13.0/STM32CubeIDE/plugins/com.st.stm32cube.ide.mcu.externaltools.gnu-tools-for-stm32.11.3.rel1.win32_1.1.0.202305231506/tools/bin/../lib/gcc/arm-none-eabi/11.3.1/thumb/v7-m/nofp/crtbegin.o

.ARM.extab      0x000000000800cf3c        0x0
                0x000000000800cf3c                . = ALIGN (0x4)
 *(.ARM.extab* .gnu.linkonce.armextab.*)
                0x000000000800cf3c                . = ALIGN (0x4)

.ARM            0x000000000800cf3c        0x0
                0x000000000800cf3c                . = ALIGN (0x4)
                0x000000000800cf3c                __exidx_start = .
 *(.ARM.exidx*)
                0x000000000800cf3c                __exidx_end = .
                0x000000000800cf3c                . = ALIGN (0x4)

.preinit_array  0x000000000800cf3c        0x0
                0x000000000800cf3c                . = ALIGN (0x4)
                0x000000000800cf3c                PROVIDE (__preinit_array_start = .)
 *(.preinit_array*)
                0x000000000800cf3c                PROVIDE (__preinit_array_end = .)
                0x000000000800cf3c                . = ALIGN (0x4)

.init_array     0x000000000800cf3c        0x4
                0x000000000800cf3c                . = ALIGN (0x4)
                0x000000000800cf3c                PROVIDE (__init_array_start = .)
 *(SORT_BY_NAME(.init_array.*))
 *(.init_array*)
 .init_array    0x000000000800cf3c        0x4 C:/ST/STM32CubeIDE_1.13.0/STM32CubeIDE/plugins/com.st.stm32cube.ide.mcu.externaltools.gnu-tools-for-stm32.11.3.rel1.win32_1.1.0.202305231506/tools/bin/../lib/gcc/arm-none-eabi/11.3.1/thumb/v7-m/nofp/crtbegin.o
                0x000000000800cf40                PROVIDE (__init_array_end = .)
                0x000000000800cf40                . = ALIGN (0x4)

.fini_array     0x000000000800cf40        0x4
                0x000000000800cf40                . = ALIGN (0x4)
                [!provide]                        PROVIDE (__fini_array_start = .)
 *(SORT_BY_NAME(.fini_array.*))
 *(.fini_array*)
 .fini_array    0x000000000800cf40        0x4 C:/ST/STM32CubeIDE_1.13.0/STM32CubeIDE/plugins/com.st.stm32cube.ide.mcu.externaltools.gnu-tools-for-stm32.11.3.rel1.win32_1.1.0.202305231506/tools/bin/../lib/gcc/arm-none-eabi/11.3.1/thumb/v7-m/nofp/crtbegin.o
                [!provide]                        PROVIDE (__fini_array_end = .)
                0x000000000800cf44                . = ALIGN (0x4)
                0x000000000800cf44                _sidata = LOADADDR (.data)

.data           0x0000000020000000      0x44c load address 0x000000000800cf44
                0x0000000020000000                . = ALIGN (0x4)
                0x0000000020000000                _sdata = .
 *(.data)
 *(.data*)
 .data.SystemCoreClock
                0x0000000020000000        0x4 ./Core/Src/system_stm32f1xx.o
                0x0000000020000000                SystemCoreClock
 .data.grey_code
                0x0000000020000004       0x40 ./Core/User/Encoder/encoder.o
 .data.Page_About
                0x0000000020000044       0x14 ./Core/User/Views/page_about.o
                0x0000000020000044                Page_About
 .data.mainmenu
                0x0000000020000058       0x40 ./Core/User/Views/page_menu.o
 .data.Page_MainMenu
                0x0000000020000098       0x14 ./Core/User/Views/page_menu.o
                0x0000000020000098                Page_MainMenu
 .data.settings
                0x00000000200000ac       0x44 ./Core/User/Views/page_settings.o
 .data.Page_Settings
                0x00000000200000f0       0x14 ./Core/User/Views/page_settings.o
                0x00000000200000f0                Page_Settings
 .data.Font_7x10